Component: ARM Compiler 5.06 update 7 (build 960) Tool: armlink [4d3601]

==============================================================================

Section Cross References

    startup_stm32f401xc.o(STACK) refers (Special) to heapauxi.o(.text) for __use_two_region_memory
    startup_stm32f401xc.o(HEAP) refers (Special) to heapauxi.o(.text) for __use_two_region_memory
    startup_stm32f401xc.o(RESET) refers (Special) to heapauxi.o(.text) for __use_two_region_memory
    startup_stm32f401xc.o(RESET) refers to startup_stm32f401xc.o(STACK) for __initial_sp
    startup_stm32f401xc.o(RESET) refers to startup_stm32f401xc.o(.text) for Reset_Handler
    startup_stm32f401xc.o(RESET) refers to stm32f4xx_it.o(i.NMI_Handler) for NMI_Handler
    startup_stm32f401xc.o(RESET) refers to stm32f4xx_it.o(i.HardFault_Handler) for HardFault_Handler
    startup_stm32f401xc.o(RESET) refers to stm32f4xx_it.o(i.MemManage_Handler) for MemManage_Handler
    startup_stm32f401xc.o(RESET) refers to stm32f4xx_it.o(i.BusFault_Handler) for BusFault_Handler
    startup_stm32f401xc.o(RESET) refers to stm32f4xx_it.o(i.UsageFault_Handler) for UsageFault_Handler
    startup_stm32f401xc.o(RESET) refers to stm32f4xx_it.o(i.SVC_Handler) for SVC_Handler
    startup_stm32f401xc.o(RESET) refers to stm32f4xx_it.o(i.DebugMon_Handler) for DebugMon_Handler
    startup_stm32f401xc.o(RESET) refers to stm32f4xx_it.o(i.PendSV_Handler) for PendSV_Handler
    startup_stm32f401xc.o(RESET) refers to stm32f4xx_it.o(i.SysTick_Handler) for SysTick_Handler
    startup_stm32f401xc.o(.text) refers (Special) to heapauxi.o(.text) for __use_two_region_memory
    startup_stm32f401xc.o(.text) refers to system_stm32f4xx.o(i.SystemInit) for SystemInit
    startup_stm32f401xc.o(.text) refers to __main.o(!!!main) for __main
    startup_stm32f401xc.o(.text) refers to startup_stm32f401xc.o(HEAP) for Heap_Mem
    startup_stm32f401xc.o(.text) refers to startup_stm32f401xc.o(STACK) for Stack_Mem
    main.o(i.SystemClock_Config) refers to rt_memclr_w.o(.text) for __aeabi_memclr4
    main.o(i.SystemClock_Config) refers to stm32f4xx_hal_rcc.o(i.HAL_RCC_OscConfig) for HAL_RCC_OscConfig
    main.o(i.SystemClock_Config) refers to stm32f4xx_hal_rcc.o(i.HAL_RCC_ClockConfig) for HAL_RCC_ClockConfig
    main.o(i.main) refers to stm32f4xx_hal.o(i.HAL_Init) for HAL_Init
    main.o(i.main) refers to main.o(i.SystemClock_Config) for SystemClock_Config
    main.o(i.main) refers to gpio.o(i.MX_GPIO_Init) for MX_GPIO_Init
    main.o(i.main) refers to i2c.o(i.MX_I2C1_Init) for MX_I2C1_Init
    main.o(i.main) refers to usart.o(i.MX_USART1_UART_Init) for MX_USART1_UART_Init
    main.o(i.main) refers to mpu6050_i2c.o(i.gyroinit) for gyroinit
    main.o(i.main) refers to mpu6050_i2c.o(i.accelinit) for accelinit
    main.o(i.main) refers to mpu6050_i2c.o(i.gyro_avg) for gyro_avg
    main.o(i.main) refers to mpu6050_i2c.o(i.accel_avg) for accel_avg
    main.o(i.main) refers to stm32f4xx_hal.o(i.HAL_GetTick) for HAL_GetTick
    main.o(i.main) refers to mpu6050_i2c.o(i.get_accelraw) for get_accelraw
    main.o(i.main) refers to mpu6050_i2c.o(i.to_g) for to_g
    main.o(i.main) refers to mpu6050_i2c.o(i.get_gyroraw) for get_gyroraw
    main.o(i.main) refers to mpu6050_i2c.o(i.to_dps) for to_dps
    main.o(i.main) refers to f2d.o(x$fpl$f2d) for __aeabi_f2d
    main.o(i.main) refers to sqrt.o(i.__hardfp_sqrt) for __hardfp_sqrt
    main.o(i.main) refers to atan2.o(i.__hardfp_atan2) for __hardfp_atan2
    main.o(i.main) refers to dmul.o(x$fpl$dmul) for __aeabi_dmul
    main.o(i.main) refers to d2f.o(x$fpl$d2f) for __aeabi_d2f
    main.o(i.main) refers to mpu6050.o(i.Kalman_getAngle) for Kalman_getAngle
    main.o(i.main) refers to stm32f4xx_hal.o(i.HAL_Delay) for HAL_Delay
    main.o(i.main) refers to uart_print.o(i.print_float) for print_float
    main.o(i.main) refers to uart_print.o(i.print_str) for print_str
    main.o(i.main) refers to uart_print.o(i.lineend) for lineend
    main.o(i.main) refers to i2c.o(.bss) for hi2c1
    main.o(i.main) refers to usart.o(.bss) for huart1
    main.o(i.main) refers to main.o(.bss) for .bss
    main.o(i.main) refers to main.o(.data) for .data
    gpio.o(i.MX_GPIO_Init) refers to rt_memclr_w.o(.text) for __aeabi_memclr4
    gpio.o(i.MX_GPIO_Init) refers to stm32f4xx_hal_gpio.o(i.HAL_GPIO_WritePin) for HAL_GPIO_WritePin
    gpio.o(i.MX_GPIO_Init) refers to stm32f4xx_hal_gpio.o(i.HAL_GPIO_Init) for HAL_GPIO_Init
    i2c.o(i.HAL_I2C_MspDeInit) refers to stm32f4xx_hal_gpio.o(i.HAL_GPIO_DeInit) for HAL_GPIO_DeInit
    i2c.o(i.HAL_I2C_MspInit) refers to rt_memclr_w.o(.text) for __aeabi_memclr4
    i2c.o(i.HAL_I2C_MspInit) refers to stm32f4xx_hal_gpio.o(i.HAL_GPIO_Init) for HAL_GPIO_Init
    i2c.o(i.MX_I2C1_Init) refers to stm32f4xx_hal_i2c.o(i.HAL_I2C_Init) for HAL_I2C_Init
    i2c.o(i.MX_I2C1_Init) refers to main.o(i.Error_Handler) for Error_Handler
    i2c.o(i.MX_I2C1_Init) refers to i2c.o(.bss) for .bss
[...]
    ../mathlib/funder.c                      0x00000000   Number         0  funder.o ABSOLUTE
    ../mathlib/poly.c                        0x00000000   Number         0  poly.o ABSOLUTE
    ../mathlib/qnan.c                        0x00000000   Number         0  qnan.o ABSOLUTE
    ../mathlib/sqrt.c                        0x00000000   Number         0  sqrt_x.o ABSOLUTE
    ../mathlib/sqrt.c                        0x00000000   Number         0  sqrt.o ABSOLUTE
    ../mathlib/sqrtf.c                       0x00000000   Number         0  sqrtf_x.o ABSOLUTE
    ../mathlib/sqrtf.c                       0x00000000   Number         0  sqrtf.o ABSOLUTE
    ..\Core\Src\gpio.c                       0x00000000   Number         0  gpio.o ABSOLUTE
    ..\Core\Src\i2c.c                        0x00000000   Number         0  i2c.o ABSOLUTE
    ..\Core\Src\main.c                       0x00000000   Number         0  main.o ABSOLUTE
    ..\Core\Src\stm32f4xx_hal_msp.c          0x00000000   Number         0  stm32f4xx_hal_msp.o ABSOLUTE
    ..\Core\Src\stm32f4xx_it.c               0x00000000   Number         0  stm32f4xx_it.o ABSOLUTE
    ..\Core\Src\system_stm32f4xx.c           0x00000000   Number         0  system_stm32f4xx.o ABSOLUTE
    ..\Core\Src\usart.c                      0x00000000   Number         0  usart.o ABSOLUTE
    ..\Drivers\STM32F4xx_HAL_Driver\Src\stm32f4xx_hal.c 0x00000000   Number         0  stm32f4xx_hal.o ABSOLUTE
    ..\Drivers\STM32F4xx_HAL_Driver\Src\stm32f4xx_hal_cortex.c 0x00000000   Number         0  stm32f4xx_hal_cortex.o ABSOLUTE
    ..\Drivers\STM32F4xx_HAL_Driver\Src\stm32f4xx_hal_dma.c 0x00000000   Number         0  stm32f4xx_hal_dma.o ABSOLUTE
    ..\Drivers\STM32F4xx_HAL_Driver\Src\stm32f4xx_hal_dma_ex.c 0x00000000   Number         0  stm32f4xx_hal_dma_ex.o ABSOLUTE
    ..\Drivers\STM32F4xx_HAL_Driver\Src\stm32f4xx_hal_exti.c 0x00000000   Number         0  stm32f4xx_hal_exti.o ABSOLUTE
    ..\Drivers\STM32F4xx_HAL_Driver\Src\stm32f4xx_hal_flash.c 0x00000000   Number         0  stm32f4xx_hal_flash.o ABSOLUTE
    ..\Drivers\STM32F4xx_HAL_Driver\Src\stm32f4xx_hal_flash_ex.c 0x00000000   Number         0  stm32f4xx_hal_flash_ex.o ABSOLUTE
    ..\Drivers\STM32F4xx_HAL_Driver\Src\stm32f4xx_hal_flash_ramfunc.c 0x00000000   Number         0  stm32f4xx_hal_flash_ramfunc.o ABSOLUTE
    ..\Drivers\STM32F4xx_HAL_Driver\Src\stm32f4xx_hal_gpio.c 0x00000000   Number         0  stm32f4xx_hal_gpio.o ABSOLUTE
    ..\Drivers\STM32F4xx_HAL_Driver\Src\stm32f4xx_hal_i2c.c 0x00000000   Number         0  stm32f4xx_hal_i2c.o ABSOLUTE
    ..\Drivers\STM32F4xx_HAL_Driver\Src\stm32f4xx_hal_i2c_ex.c 0x00000000   Number         0  stm32f4xx_hal_i2c_ex.o ABSOLUTE
    ..\Drivers\STM32F4xx_HAL_Driver\Src\stm32f4xx_hal_pwr.c 0x00000000   Number         0  stm32f4xx_hal_pwr.o ABSOLUTE
    ..\Drivers\STM32F4xx_HAL_Driver\Src\stm32f4xx_hal_pwr_ex.c 0x00000000   Number         0  stm32f4xx_hal_pwr_ex.o ABSOLUTE
    ..\Drivers\STM32F4xx_HAL_Driver\Src\stm32f4xx_hal_rcc.c 0x00000000   Number         0  stm32f4xx_hal_rcc.o ABSOLUTE
    ..\Drivers\STM32F4xx_HAL_Driver\Src\stm32f4xx_hal_rcc_ex.c 0x00000000   Number         0  stm32f4xx_hal_rcc_ex.o ABSOLUTE
    ..\Drivers\STM32F4xx_HAL_Driver\Src\stm32f4xx_hal_tim.c 0x00000000   Number         0  stm32f4xx_hal_tim.o ABSOLUTE
    ..\Drivers\STM32F4xx_HAL_Driver\Src\stm32f4xx_hal_tim_ex.c 0x00000000   Number         0  stm32f4xx_hal_tim_ex.o ABSOLUTE
    ..\Drivers\STM32F4xx_HAL_Driver\Src\stm32f4xx_hal_uart.c 0x00000000   Number         0  stm32f4xx_hal_uart.o ABSOLUTE
    ..\MPU6050-master\Src\mpu6050.c          0x00000000   Number         0  mpu6050.o ABSOLUTE
    ..\Madgwick_Filter-master\madgwickFilter.c 0x00000000   Number         0  madgwickfilter.o ABSOLUTE
    ..\\MPU6050-master\\Src\\mpu6050.c       0x00000000   Number         0  mpu6050.o ABSOLUTE
    ..\\libs\\mpu6050_i2c.c                  0x00000000   Number         0  mpu6050_i2c.o ABSOLUTE
    ..\\libs\\uart_print.c                   0x00000000   Number         0  uart_print.o ABSOLUTE
    ..\libs\mpu6050_i2c.c                    0x00000000   Number         0  mpu6050_i2c.o ABSOLUTE
    ..\libs\uart_print.c                     0x00000000   Number         0  uart_print.o ABSOLUTE
    dc.s                                     0x00000000   Number         0  dc.o ABSOLUTE
    startup_stm32f401xc.s                    0x00000000   Number         0  startup_stm32f401xc.o ABSOLUTE
    RESET                                    0x08000000   Section      404  startup_stm32f401xc.o(RESET)
    !!!main                                  0x08000194   Section        8  __main.o(!!!main)
    !!!scatter                               0x0800019c   Section       52  __scatter.o(!!!scatter)
    !!handler_copy                           0x080001d0   Section       26  __scatter_copy.o(!!handler_copy)
    !!handler_zi                             0x080001ec   Section       28  __scatter_zi.o(!!handler_zi)
    .ARM.Collect$$_printf_percent$$00000000  0x08000208   Section        0  _printf_percent.o(.ARM.Collect$$_printf_percent$$00000000)
    .ARM.Collect$$_printf_percent$$00000003  0x08000208   Section        6  _printf_f.o(.ARM.Collect$$_printf_percent$$00000003)
    .ARM.Collect$$_printf_percent$$00000017  0x0800020e   Section        4  _printf_percent_end.o(.ARM.Collect$$_printf_percent$$00000017)
    .ARM.Collect$$libinit$$00000000          0x08000212   Section        2  libinit.o(.ARM.Collect$$libinit$$00000000)
    .ARM.Collect$$libinit$$00000001          0x08000214   Section        4  libinit2.o(.ARM.Collect$$libinit$$00000001)
    .ARM.Collect$$libinit$$00000004          0x08000218   Section        0  libinit2.o(.ARM.Collect$$libinit$$00000004)
    .ARM.Collect$$libinit$$0000000A          0x08000218   Section        0  libinit2.o(.ARM.Collect$$libinit$$0000000A)
    .ARM.Collect$$libinit$$0000000C          0x08000218   Section        0  libinit2.o(.ARM.Collect$$libinit$$0000000C)
    .ARM.Collect$$libinit$$0000000E          0x08000218   Section        0  libinit2.o(.ARM.Collect$$libinit$$0000000E)
    .ARM.Collect$$libinit$$0000000F          0x08000218   Section        6  libinit2.o(.ARM.Collect$$libinit$$0000000F)
    .ARM.Collect$$libinit$$00000011          0x0800021e   Section        0  libinit2.o(.ARM.Collect$$libinit$$00000011)
    .ARM.Collect$$libinit$$00000013          0x0800021e   Section        0  libinit2.o(.ARM.Collect$$libinit$$00000013)
    .ARM.Collect$$libinit$$00000015          0x0800021e   Section        0  libinit2.o(.ARM.Collect$$libinit$$00000015)
    .ARM.Collect$$libinit$$00000016          0x0800021e   Section       10  libinit2.o(.ARM.Collect$$libinit$$00000016)
    .ARM.Collect$$libinit$$00000017          0x08000228   Section        0  libinit2.o(.ARM.Collect$$libinit$$00000017)
    .ARM.Collect$$libinit$$00000019          0x08000228   Section        0  libinit2.o(.ARM.Collect$$libinit$$00000019)
    .ARM.Collect$$libinit$$0000001B          0x08000228   Section        0  libinit2.o(.ARM.Collect$$libinit$$0000001B)
    .ARM.Collect$$libinit$$0000001D          0x08000228   Section        0  libinit2.o(.ARM.Collect$$libinit$$0000001D)
    .ARM.Collect$$libinit$$0000001F          0x08000228   Section        0  libinit2.o(.ARM.Collect$$libinit$$0000001F)
    .ARM.Collect$$libinit$$00000021          0x08000228   Section        0  libinit2.o(.ARM.Collect$$libinit$$00000021)
    .ARM.Collect$$libinit$$00000023          0x08000228   Section        0  libinit2.o(.ARM.Collect$$libinit$$00000023)
    .ARM.Collect$$libinit$$00000025          0x08000228   Section        0  libinit2.o(.ARM.Collect$$libinit$$00000025)
    .ARM.Collect$$libinit$$0000002C          0x08000228   Section        0  libinit2.o(.ARM.Collect$$libinit$$0000002C)
    .ARM.Collect$$libinit$$0000002E          0x08000228   Section        0  libinit2.o(.ARM.Collect$$libinit$$0000002E)
    .ARM.Collect$$libinit$$00000030          0x08000228   Section        0  libinit2.o(.ARM.Collect$$libinit$$00000030)
    .ARM.Collect$$libinit$$00000032          0x08000228   Section        0  libinit2.o(.ARM.Collect$$libinit$$00000032)
    .ARM.Collect$$libinit$$00000033          0x08000228   Section        2  libinit2.o(.ARM.Collect$$libinit$$00000033)
    .ARM.Collect$$libshutdown$$00000000      0x0800022a   Section        2  libshutdown.o(.ARM.Collect$$libshutdown$$00000000)
    .ARM.Collect$$libshutdown$$00000002      0x0800022c   Section        0  libshutdown2.o(.ARM.Collect$$libshutdown$$00000002)
    .ARM.Collect$$libshutdown$$00000004      0x0800022c   Section        0  libshutdown2.o(.ARM.Collect$$libshutdown$$00000004)
    .ARM.Collect$$libshutdown$$00000006      0x0800022c   Section        0  libshutdown2.o(.ARM.Collect$$libshutdown$$00000006)
    .ARM.Collect$$libshutdown$$00000009      0x0800022c   Section        0  libshutdown2.o(.ARM.Collect$$libshutdown$$00000009)
    .ARM.Collect$$libshutdown$$0000000C      0x0800022c   Section        0  libshutdown2.o(.ARM.Collect$$libshutdown$$0000000C)
    .ARM.Collect$$libshutdown$$0000000E      0x0800022c   Section        0  libshutdown2.o(.ARM.Collect$$libshutdown$$0000000E)
    .ARM.Collect$$libshutdown$$00000011      0x0800022c   Section        0  libshutdown2.o(.ARM.Collect$$libshutdown$$00000011)
    .ARM.Collect$$libshutdown$$00000012      0x0800022c   Section        2  libshutdown2.o(.ARM.Collect$$libshutdown$$00000012)
    .ARM.Collect$$rtentry$$00000000          0x0800022e   Section        0  __rtentry.o(.ARM.Collect$$rtentry$$00000000)
    .ARM.Collect$$rtentry$$00000002          0x0800022e   Section        0  __rtentry2.o(.ARM.Collect$$rtentry$$00000002)
    .ARM.Collect$$rtentry$$00000004          0x0800022e   Section        6  __rtentry4.o(.ARM.Collect$$rtentry$$00000004)
    .ARM.Collect$$rtentry$$00000009          0x08000234   Section        0  __rtentry2.o(.ARM.Collect$$rtentry$$00000009)
    .ARM.Collect$$rtentry$$0000000A          0x08000234   Section        4  __rtentry2.o(.ARM.Collect$$rtentry$$0000000A)
    .ARM.Collect$$rtentry$$0000000C          0x08000238   Section        0  __rtentry2.o(.ARM.Collect$$rtentry$$0000000C)
    .ARM.Collect$$rtentry$$0000000D          0x08000238   Section        8  __rtentry2.o(.ARM.Collect$$rtentry$$0000000D)
    .ARM.Collect$$rtexit$$00000000           0x08000240   Section        2  rtexit.o(.ARM.Collect$$rtexit$$00000000)
    .ARM.Collect$$rtexit$$00000002           0x08000242   Section        0  rtexit2.o(.ARM.Collect$$rtexit$$00000002)
    .ARM.Collect$$rtexit$$00000003           0x08000242   Section        4  rtexit2.o(.ARM.Collect$$rtexit$$00000003)
    .ARM.Collect$$rtexit$$00000004           0x08000246   Section        6  rtexit2.o(.ARM.Collect$$rtexit$$00000004)
    .text                                    0x0800024c   Section       64  startup_stm32f401xc.o(.text)
    $v0                                      0x0800024c   Number         0  startup_stm32f401xc.o(.text)
    .text                                    0x0800028c   Section      238  lludivv7m.o(.text)
    .text                                    0x0800037c   Section        0  noretval__2sprintf.o(.text)
    .text                                    0x080003a4   Section        0  __printf_flags_ss_wp.o(.text)
    .text                                    0x0800052c   Section        0  strlen.o(.text)
    .text                                    0x0800056a   Section       78  rt_memclr_w.o(.text)
    .text                                    0x080005b8   Section      128  strcmpv7m.o(.text)
    .text                                    0x08000638   Section        0  heapauxi.o(.text)
    .text                                    0x0800063e   Section        0  _rserrno.o(.text)
    .text                                    0x08000654   Section        0  _printf_fp_dec.o(.text)
    _fp_digits                               0x08000657   Thumb Code   432  _printf_fp_dec.o(.text)
    .text                                    0x08000a74   Section        0  _printf_char_common.o(.text)
    _printf_input_char                       0x08000a75   Thumb Code    10  _printf_char_common.o(.text)
    .text                                    0x08000aa4   Section        0  _sputc.o(.text)
    .text                                    0x08000ab0   Section        8  rt_locale_intlibspace.o(.text)
    .text                                    0x08000ab8   Section        8  rt_errno_addr_intlibspace.o(.text)
    .text                                    0x08000ac0   Section      138  lludiv10.o(.text)
    .text                                    0x08000b4c   Section        0  _printf_fp_infnan.o(.text)
    .text                                    0x08000bcc   Section        0  bigflt0.o(.text)
    .text                                    0x08000cb0   Section        8  libspace.o(.text)
    .text                                    0x08000cb8   Section       74  sys_stackheap_outer.o(.text)
    .text                                    0x08000d02   Section        0  exit.o(.text)
    .text                                    0x08000d14   Section        0  sys_exit.o(.text)
    .text                                    0x08000d20   Section        2  use_no_semi.o(.text)
    .text                                    0x08000d22   Section        0  indicate_semi.o(.text)
    CL$$btod_d2e                             0x08000d22   Section       62  btod.o(CL$$btod_d2e)
    CL$$btod_d2e_denorm_low                  0x08000d60   Section       70  btod.o(CL$$btod_d2e_denorm_low)
    CL$$btod_d2e_norm_op1                    0x08000da6   Section       96  btod.o(CL$$btod_d2e_norm_op1)
    CL$$btod_div_common                      0x08000e06   Section      824  btod.o(CL$$btod_div_common)
    CL$$btod_e2e                             0x0800113e   Section      220  btod.o(CL$$btod_e2e)
    CL$$btod_ediv                            0x0800121a   Section       42  btod.o(CL$$btod_ediv)
    CL$$btod_emul                            0x08001244   Section       42  btod.o(CL$$btod_emul)
    CL$$btod_mult_common                     0x0800126e   Section      580  btod.o(CL$$btod_mult_common)
    i.BusFault_Handler                       0x080014b2   Section        0  stm32f4xx_it.o(i.BusFault_Handler)
    i.DebugMon_Handler                       0x080014b4   Section        0  stm32f4xx_it.o(i.DebugMon_Handler)
    i.Error_Handler                          0x080014b6   Section        0  main.o(i.Error_Handler)
    i.HAL_Delay                              0x080014bc   Section        0  stm32f4xx_hal.o(i.HAL_Delay)
    i.HAL_GPIO_Init                          0x080014e0   Section        0  stm32f4xx_hal_gpio.o(i.HAL_GPIO_Init)
    i.HAL_GPIO_WritePin                      0x080016bc   Section        0  stm32f4xx_hal_gpio.o(i.HAL_GPIO_WritePin)
    i.HAL_GetTick                            0x080016c8   Section        0  stm32f4xx_hal.o(i.HAL_GetTick)
    i.HAL_I2C_Init                           0x080016d4   Section        0  stm32f4xx_hal_i2c.o(i.HAL_I2C_Init)
    i.HAL_I2C_Master_Receive                 0x0800185c   Section        0  stm32f4xx_hal_i2c.o(i.HAL_I2C_Master_Receive)
    i.HAL_I2C_Master_Transmit                0x08001a3c   Section        0  stm32f4xx_hal_i2c.o(i.HAL_I2C_Master_Transmit)
    i.HAL_I2C_MspInit                        0x08001b68   Section        0  i2c.o(i.HAL_I2C_MspInit)
    i.HAL_IncTick                            0x08001bd0   Section        0  stm32f4xx_hal.o(i.HAL_IncTick)
    i.HAL_Init                               0x08001be0   Section        0  stm32f4xx_hal.o(i.HAL_Init)
    i.HAL_InitTick                           0x08001c14   Section        0  stm32f4xx_hal.o(i.HAL_InitTick)
    i.HAL_MspInit                            0x08001c54   Section        0  stm32f4xx_hal_msp.o(i.HAL_MspInit)
    i.HAL_NVIC_SetPriority                   0x08001c84   Section        0  stm32f4xx_hal_cortex.o(i.HAL_NVIC_SetPriority)
    i.HAL_NVIC_SetPriorityGrouping           0x08001cc4   Section        0  stm32f4xx_hal_cortex.o(i.HAL_NVIC_SetPriorityGrouping)
    i.HAL_RCC_ClockConfig                    0x08001ce8   Section        0  stm32f4xx_hal_rcc.o(i.HAL_RCC_ClockConfig)
    i.HAL_RCC_GetPCLK1Freq                   0x08001e1c   Section        0  stm32f4xx_hal_rcc.o(i.HAL_RCC_GetPCLK1Freq)
    i.HAL_RCC_GetPCLK2Freq                   0x08001e3c   Section        0  stm32f4xx_hal_rcc.o(i.HAL_RCC_GetPCLK2Freq)
    i.HAL_RCC_GetSysClockFreq                0x08001e5c   Section        0  stm32f4xx_hal_rcc.o(i.HAL_RCC_GetSysClockFreq)
    i.HAL_RCC_OscConfig                      0x08001ec0   Section        0  stm32f4xx_hal_rcc.o(i.HAL_RCC_OscConfig)
    i.HAL_SYSTICK_Config                     0x0800222c   Section        0  stm32f4xx_hal_cortex.o(i.HAL_SYSTICK_Config)
    i.HAL_UART_Init                          0x08002254   Section        0  stm32f4xx_hal_uart.o(i.HAL_UART_Init)
    i.HAL_UART_MspInit                       0x080022b8   Section        0  usart.o(i.HAL_UART_MspInit)
    i.HAL_UART_Transmit                      0x08002324   Section        0  stm32f4xx_hal_uart.o(i.HAL_UART_Transmit)
    i.HardFault_Handler                      0x080023d6   Section        0  stm32f4xx_it.o(i.HardFault_Handler)
    i.I2C_IsAcknowledgeFailed                0x080023d8   Section        0  stm32f4xx_hal_i2c.o(i.I2C_IsAcknowledgeFailed)
    I2C_IsAcknowledgeFailed                  0x080023d9   Thumb Code    46  stm32f4xx_hal_i2c.o(i.I2C_IsAcknowledgeFailed)
    i.I2C_MasterRequestRead                  0x08002408   Section        0  stm32f4xx_hal_i2c.o(i.I2C_MasterRequestRead)
    I2C_MasterRequestRead                    0x08002409   Thumb Code   230  stm32f4xx_hal_i2c.o(i.I2C_MasterRequestRead)
    i.I2C_MasterRequestWrite                 0x080024f4   Section        0  stm32f4xx_hal_i2c.o(i.I2C_MasterRequestWrite)
    I2C_MasterRequestWrite                   0x080024f5   Thumb Code   150  stm32f4xx_hal_i2c.o(i.I2C_MasterRequestWrite)
    i.I2C_WaitOnBTFFlagUntilTimeout          0x08002590   Section        0  stm32f4xx_hal_i2c.o(i.I2C_WaitOnBTFFlagUntilTimeout)
    I2C_WaitOnBTFFlagUntilTimeout            0x08002591   Thumb Code    76  stm32f4xx_hal_i2c.o(i.I2C_WaitOnBTFFlagUntilTimeout)
    i.I2C_WaitOnFlagUntilTimeout             0x080025dc   Section        0  stm32f4xx_hal_i2c.o(i.I2C_WaitOnFlagUntilTimeout)
    I2C_WaitOnFlagUntilTimeout               0x080025dd   Thumb Code   104  stm32f4xx_hal_i2c.o(i.I2C_WaitOnFlagUntilTimeout)
    i.I2C_WaitOnMasterAddressFlagUntilTimeout 0x08002644   Section        0  stm32f4xx_hal_i2c.o(i.I2C_WaitOnMasterAddressFlagUntilTimeout)
    I2C_WaitOnMasterAddressFlagUntilTimeout  0x08002645   Thumb Code   150  stm32f4xx_hal_i2c.o(i.I2C_WaitOnMasterAddressFlagUntilTimeout)
    i.I2C_WaitOnRXNEFlagUntilTimeout         0x080026da   Section        0  stm32f4xx_hal_i2c.o(i.I2C_WaitOnRXNEFlagUntilTimeout)
    I2C_WaitOnRXNEFlagUntilTimeout           0x080026db   Thumb Code   102  stm32f4xx_hal_i2c.o(i.I2C_WaitOnRXNEFlagUntilTimeout)
    i.I2C_WaitOnTXEFlagUntilTimeout          0x08002740   Section        0  stm32f4xx_hal_i2c.o(i.I2C_WaitOnTXEFlagUntilTimeout)
    I2C_WaitOnTXEFlagUntilTimeout            0x08002741   Thumb Code    76  stm32f4xx_hal_i2c.o(i.I2C_WaitOnTXEFlagUntilTimeout)
    i.Kalman_getAngle                        0x0800278c   Section        0  mpu6050.o(i.Kalman_getAngle)
    i.MX_GPIO_Init                           0x08002828   Section        0  gpio.o(i.MX_GPIO_Init)
    i.MX_I2C1_Init                           0x08002894   Section        0  i2c.o(i.MX_I2C1_Init)
    i.MX_USART1_UART_Init                    0x080028d4   Section        0  usart.o(i.MX_USART1_UART_Init)
    i.MemManage_Handler                      0x0800290c   Section        0  stm32f4xx_it.o(i.MemManage_Handler)
    i.NMI_Handler                            0x0800290e   Section        0  stm32f4xx_it.o(i.NMI_Handler)
    i.PendSV_Handler                         0x08002910   Section        0  stm32f4xx_it.o(i.PendSV_Handler)
    i.SVC_Handler                            0x08002912   Section        0  stm32f4xx_it.o(i.SVC_Handler)
    i.SysTick_Handler                        0x08002914   Section        0  stm32f4xx_it.o(i.SysTick_Handler)
    i.SystemClock_Config                     0x08002918   Section        0  main.o(i.SystemClock_Config)
    i.SystemInit                             0x080029ac   Section        0  system_stm32f4xx.o(i.SystemInit)
    i.UART_SetConfig                         0x080029bc   Section        0  stm32f4xx_hal_uart.o(i.UART_SetConfig)
    UART_SetConfig                           0x080029bd   Thumb Code   258  stm32f4xx_hal_uart.o(i.UART_SetConfig)
    i.UART_WaitOnFlagUntilTimeout            0x08002ac8   Section        0  stm32f4xx_hal_uart.o(i.UART_WaitOnFlagUntilTimeout)
    UART_WaitOnFlagUntilTimeout              0x08002ac9   Thumb Code   100  stm32f4xx_hal_uart.o(i.UART_WaitOnFlagUntilTimeout)
    i.UsageFault_Handler                     0x08002b2c   Section        0  stm32f4xx_it.o(i.UsageFault_Handler)
    i.__ARM_fpclassify                       0x08002b2e   Section        0  fpclassify.o(i.__ARM_fpclassify)
    i.__NVIC_SetPriority                     0x08002b5e   Section        0  stm32f4xx_hal_cortex.o(i.__NVIC_SetPriority)
    __NVIC_SetPriority                       0x08002b5f   Thumb Code    32  stm32f4xx_hal_cortex.o(i.__NVIC_SetPriority)
    i.__hardfp_atan                          0x08002b80   Section        0  atan.o(i.__hardfp_atan)
    i.__hardfp_atan2                         0x08002e58   Section        0  atan2.o(i.__hardfp_atan2)
    i.__hardfp_sqrt                          0x08003058   Section        0  sqrt.o(i.__hardfp_sqrt)
    i.__kernel_poly                          0x080030d2   Section        0  poly.o(i.__kernel_poly)
    i.__mathlib_dbl_infnan                   0x080031ca   Section        0  dunder.o(i.__mathlib_dbl_infnan)
    i.__mathlib_dbl_infnan2                  0x080031de   Section        0  dunder.o(i.__mathlib_dbl_infnan2)
    i.__mathlib_dbl_underflow                0x080031f8   Section        0  dunder.o(i.__mathlib_dbl_underflow)
    i._is_digit                              0x08003218   Section        0  __printf_wp.o(i._is_digit)
    i.accel_avg                              0x08003226   Section        0  mpu6050_i2c.o(i.accel_avg)
    i.accelinit                              0x08003280   Section        0  mpu6050_i2c.o(i.accelinit)
    i.atan                                   0x080032dc   Section        0  atan.o(i.atan)
    i.fabs                                   0x080032ec   Section        0  fabs.o(i.fabs)
    i.get_accelraw                           0x08003304   Section        0  mpu6050_i2c.o(i.get_accelraw)
    i.get_gyroraw                            0x0800334a   Section        0  mpu6050_i2c.o(i.get_gyroraw)
    i.gyro_avg                               0x08003390   Section        0  mpu6050_i2c.o(i.gyro_avg)
    i.gyroinit                               0x080033e8   Section        0  mpu6050_i2c.o(i.gyroinit)
    i.lineend                                0x08003448   Section        0  uart_print.o(i.lineend)
    i.main                                   0x0800346c   Section        0  main.o(i.main)
    i.print_float                            0x08003680   Section        0  uart_print.o(i.print_float)
    i.print_str                              0x080036b4   Section        0  uart_print.o(i.print_str)
    i.to_dps                                 0x080036d4   Section        0  mpu6050_i2c.o(i.to_dps)
    i.to_g                                   0x08003818   Section        0  mpu6050_i2c.o(i.to_g)
    locale$$code                             0x080038a8   Section       44  lc_numeric_c.o(locale$$code)
    x$fpl$basic                              0x080038d4   Section       24  basic.o(x$fpl$basic)
    $v0                                      0x080038d4   Number         0  basic.o(x$fpl$basic)
    x$fpl$d2f                                0x080038ec   Section       98  d2f.o(x$fpl$d2f)
    $v0                                      0x080038ec   Number         0  d2f.o(x$fpl$d2f)
    x$fpl$dadd                               0x08003950   Section      336  daddsub_clz.o(x$fpl$dadd)
    $v0                                      0x08003950   Number         0  daddsub_clz.o(x$fpl$dadd)
    _dadd1                                   0x08003961   Thumb Code     0  daddsub_clz.o(x$fpl$dadd)
    x$fpl$dcmpinf                            0x08003aa0   Section       24  dcmpi.o(x$fpl$dcmpinf)
    $v0                                      0x08003aa0   Number         0  dcmpi.o(x$fpl$dcmpinf)
    x$fpl$ddiv                               0x08003ab8   Section      688  ddiv.o(x$fpl$ddiv)
    $v0                                      0x08003ab8   Number         0  ddiv.o(x$fpl$ddiv)
    ddiv_entry                               0x08003abf   Thumb Code     0  ddiv.o(x$fpl$ddiv)
    x$fpl$deqf                               0x08003d68   Section      120  deqf.o(x$fpl$deqf)
    $v0                                      0x08003d68   Number         0  deqf.o(x$fpl$deqf)
    x$fpl$dmul                               0x08003de0   Section      340  dmul.o(x$fpl$dmul)
    $v0                                      0x08003de0   Number         0  dmul.o(x$fpl$dmul)
    x$fpl$dnaninf                            0x08003f34   Section      156  dnaninf.o(x$fpl$dnaninf)
    $v0                                      0x08003f34   Number         0  dnaninf.o(x$fpl$dnaninf)
    x$fpl$dretinf                            0x08003fd0   Section       12  dretinf.o(x$fpl$dretinf)
    $v0                                      0x08003fd0   Number         0  dretinf.o(x$fpl$dretinf)
    x$fpl$drsb                               0x08003fdc   Section       22  daddsub_clz.o(x$fpl$drsb)
    $v0                                      0x08003fdc   Number         0  daddsub_clz.o(x$fpl$drsb)
    x$fpl$dsqrt                              0x08003ff4   Section      408  dsqrt_umaal.o(x$fpl$dsqrt)
    $v0                                      0x08003ff4   Number         0  dsqrt_umaal.o(x$fpl$dsqrt)
    x$fpl$dsub                               0x0800418c   Section      468  daddsub_clz.o(x$fpl$dsub)
    $v0                                      0x0800418c   Number         0  daddsub_clz.o(x$fpl$dsub)
    _dsub1                                   0x0800419d   Thumb Code     0  daddsub_clz.o(x$fpl$dsub)
    x$fpl$f2d                                0x08004360   Section       86  f2d.o(x$fpl$f2d)
    $v0                                      0x08004360   Number         0  f2d.o(x$fpl$f2d)
    x$fpl$fnaninf                            0x080043b6   Section      140  fnaninf.o(x$fpl$fnaninf)
    $v0                                      0x080043b6   Number         0  fnaninf.o(x$fpl$fnaninf)
    x$fpl$fpinit                             0x08004442   Section       10  fpinit.o(x$fpl$fpinit)
    $v0                                      0x08004442   Number         0  fpinit.o(x$fpl$fpinit)
    x$fpl$fretinf                            0x0800444c   Section       10  fretinf.o(x$fpl$fretinf)
    $v0                                      0x0800444c   Number         0  fretinf.o(x$fpl$fretinf)
    x$fpl$printf1                            0x08004456   Section        4  printf1.o(x$fpl$printf1)
    $v0                                      0x08004456   Number         0  printf1.o(x$fpl$printf1)
    .constdata                               0x0800445a   Section       16  system_stm32f4xx.o(.constdata)
    x$fpl$usenofp                            0x0800445a   Section        0  usenofp.o(x$fpl$usenofp)
    .constdata                               0x0800446a   Section        8  system_stm32f4xx.o(.constdata)
    .constdata                               0x08004472   Section       17  __printf_flags_ss_wp.o(.constdata)
    maptable                                 0x08004472   Data          17  __printf_flags_ss_wp.o(.constdata)
    .constdata                               0x08004488   Section      152  atan.o(.constdata)
    atanhi                                   0x08004488   Data          32  atan.o(.constdata)
    atanlo                                   0x080044a8   Data          32  atan.o(.constdata)
    aTodd                                    0x080044c8   Data          40  atan.o(.constdata)
    aTeven                                   0x080044f0   Data          48  atan.o(.constdata)
    .constdata                               0x08004520   Section        8  qnan.o(.constdata)
    .constdata                               0x08004528   Section      148  bigflt0.o(.constdata)
    tenpwrs_x                                0x08004528   Data          60  bigflt0.o(.constdata)
    tenpwrs_i                                0x08004564   Data          64  bigflt0.o(.constdata)
    locale$$data                             0x080045dc   Section       28  lc_numeric_c.o(locale$$data)
    __lcnum_c_name                           0x080045e0   Data           2  lc_numeric_c.o(locale$$data)
    __lcnum_c_start                          0x080045e8   Data           0  lc_numeric_c.o(locale$$data)
    __lcnum_c_point                          0x080045f4   Data           0  lc_numeric_c.o(locale$$data)
    __lcnum_c_thousands                      0x080045f6   Data           0  lc_numeric_c.o(locale$$data)
    __lcnum_c_grouping                       0x080045f7   Data           0  lc_numeric_c.o(locale$$data)
    __lcnum_c_end                            0x080045f8   Data           0  lc_numeric_c.o(locale$$data)
    .data                                    0x20000000   Section       72  main.o(.data)
    .data                                    0x20000048   Section       12  stm32f4xx_hal.o(.data)
    .data                                    0x20000054   Section        4  system_stm32f4xx.o(.data)
    .data                                    0x20000058   Section        3  uart_print.o(.data)
    LF                                       0x20000058   Data           1  uart_print.o(.data)
    CRLF                                     0x20000059   Data           2  uart_print.o(.data)
    .bss                                     0x2000005c   Section       32  main.o(.bss)
    .bss                                     0x2000007c   Section       84  i2c.o(.bss)
    .bss                                     0x200000d0   Section       68  usart.o(.bss)
    .bss                                     0x20000114   Section       96  libspace.o(.bss)
    HEAP                                     0x20000178   Section      512  startup_stm32f401xc.o(HEAP)
    Heap_Mem                                 0x20000178   Data         512  startup_stm32f401xc.o(HEAP)
    STACK                                    0x20000378   Section     1024  startup_stm32f401xc.o(STACK)
    Stack_Mem                                0x20000378   Data        1024  startup_stm32f401xc.o(STACK)
    __initial_sp                             0x20000778   Data           0  startup_stm32f401xc.o(STACK)

    Global Symbols

    Symbol Name                              Value     Ov Type        Size  Object(Section)

    BuildAttributes$$THM_ISAv4$E$P$D$K$B$S$7EM$VFPi3$EXTD16$VFPS$VFMA$PE$A:L22UL41UL21$X:L11$S22US41US21$IEEE1$IW$USESV6$~STKCKD$USESV7$~SHL$OTIME$ROPI$IEEEX$EBA8$UX$STANDARDLIB$REQ8$PRES8$EABIv2 0x00000000   Number         0  anon$$obj.o ABSOLUTE
    __ARM_use_no_argv                        0x00000000   Number         0  main.o ABSOLUTE
    _printf_flags                            0x00000000   Number         0  printf_stubs.o ABSOLUTE
    _printf_return_value                     0x00000000   Number         0  printf_stubs.o ABSOLUTE
    _printf_sizespec                         0x00000000   Number         0  printf_stubs.o ABSOLUTE
    _printf_widthprec                        0x00000000   Number         0  printf_stubs.o ABSOLUTE
    __ARM_exceptions_init                     - Undefined Weak Reference
    __alloca_initialize                       - Undefined Weak Reference
    __arm_fini_                               - Undefined Weak Reference
    __arm_preinit_                            - Undefined Weak Reference
    __cpp_initialize__aeabi_                  - Undefined Weak Reference
    __cxa_finalize                            - Undefined Weak Reference
    __sigvec_lookup                           - Undefined Weak Reference
    _atexit_init                              - Undefined Weak Reference
    _call_atexit_fns                          - Undefined Weak Reference
    _clock_init                               - Undefined Weak Reference
    _fp_trap_init                             - Undefined Weak Reference
    _fp_trap_shutdown                         - Undefined Weak Reference
    _get_lc_collate                           - Undefined Weak Reference
    _get_lc_monetary                          - Undefined Weak Reference
    _get_lc_time                              - Undefined Weak Reference
    _getenv_init                              - Undefined Weak Reference
    _handle_redirection                       - Undefined Weak Reference
    _init_alloc                               - Undefined Weak Reference
    _init_user_alloc                          - Undefined Weak Reference
    _initio                                   - Undefined Weak Reference
    _printf_truncate_signed                   - Undefined Weak Reference
    _printf_truncate_unsigned                 - Undefined Weak Reference
    _rand_init                                - Undefined Weak Reference
    _scanf_longlong                           - Undefined Weak Reference
    _scanf_mbtowc                             - Undefined Weak Reference
    _scanf_real                               - Undefined Weak Reference
    _scanf_string                             - Undefined Weak Reference
    _scanf_wctomb                             - Undefined Weak Reference
    _scanf_wstring                            - Undefined Weak Reference
    _signal_finish                            - Undefined Weak Reference
    _signal_init                              - Undefined Weak Reference
    _terminate_alloc                          - Undefined Weak Reference
    _terminate_user_alloc                     - Undefined Weak Reference
    _terminateio                              - Undefined Weak Reference
    __Vectors_Size                           0x00000194   Number         0  startup_stm32f401xc.o ABSOLUTE
    __Vectors                                0x08000000   Data           4  startup_stm32f401xc.o(RESET)
    __Vectors_End                            0x08000194   Data           0  startup_stm32f401xc.o(RESET)
    __main                                   0x08000195   Thumb Code     8  __main.o(!!!main)
    __scatterload                            0x0800019d   Thumb Code     0  __scatter.o(!!!scatter)
    __scatterload_rt2                        0x0800019d   Thumb Code    44  __scatter.o(!!!scatter)
    __scatterload_rt2_thumb_only             0x0800019d   Thumb Code     0  __scatter.o(!!!scatter)
    __scatterload_null                       0x080001ab   Thumb Code     0  __scatter.o(!!!scatter)
    __scatterload_copy                       0x080001d1   Thumb Code    26  __scatter_copy.o(!!handler_copy)
    __scatterload_zeroinit                   0x080001ed   Thumb Code    28  __scatter_zi.o(!!handler_zi)
    _printf_f                                0x08000209   Thumb Code     0  _printf_f.o(.ARM.Collect$$_printf_percent$$00000003)
    _printf_percent                          0x08000209   Thumb Code     0  _printf_percent.o(.ARM.Collect$$_printf_percent$$00000000)
    _printf_percent_end                      0x0800020f   Thumb Code     0  _printf_percent_end.o(.ARM.Collect$$_printf_percent$$00000017)
    __rt_lib_init                            0x08000213   Thumb Code     0  libinit.o(.ARM.Collect$$libinit$$00000000)
    __rt_lib_init_fp_1                       0x08000215   Thumb Code     0  libinit2.o(.ARM.Collect$$libinit$$00000001)
    __rt_lib_init_heap_1                     0x08000219   Thumb Code     0  libinit2.o(.ARM.Collect$$libinit$$0000000A)
    __rt_lib_init_lc_common                  0x08000219   Thumb Code     0  libinit2.o(.ARM.Collect$$libinit$$0000000F)
    __rt_lib_init_preinit_1                  0x08000219   Thumb Code     0  libinit2.o(.ARM.Collect$$libinit$$00000004)
    __rt_lib_init_rand_1                     0x08000219   Thumb Code     0  libinit2.o(.ARM.Collect$$libinit$$0000000E)
    __rt_lib_init_user_alloc_1               0x08000219   Thumb Code     0  libinit2.o(.ARM.Collect$$libinit$$0000000C)
    __rt_lib_init_lc_collate_1               0x0800021f   Thumb Code     0  libinit2.o(.ARM.Collect$$libinit$$00000011)
    __rt_lib_init_lc_ctype_1                 0x0800021f   Thumb Code     0  libinit2.o(.ARM.Collect$$libinit$$00000013)
    __rt_lib_init_lc_monetary_1              0x0800021f   Thumb Code     0  libinit2.o(.ARM.Collect$$libinit$$00000015)
    __rt_lib_init_lc_numeric_2               0x0800021f   Thumb Code     0  libinit2.o(.ARM.Collect$$libinit$$00000016)
    __rt_lib_init_alloca_1                   0x08000229   Thumb Code     0  libinit2.o(.ARM.Collect$$libinit$$0000002E)
    __rt_lib_init_argv_1                     0x08000229   Thumb Code     0  libinit2.o(.ARM.Collect$$libinit$$0000002C)
    __rt_lib_init_atexit_1                   0x08000229   Thumb Code     0  libinit2.o(.ARM.Collect$$libinit$$0000001B)
    __rt_lib_init_clock_1                    0x08000229   Thumb Code     0  libinit2.o(.ARM.Collect$$libinit$$00000021)
    __rt_lib_init_cpp_1                      0x08000229   Thumb Code     0  libinit2.o(.ARM.Collect$$libinit$$00000032)
    __rt_lib_init_exceptions_1               0x08000229   Thumb Code     0  libinit2.o(.ARM.Collect$$libinit$$00000030)
    __rt_lib_init_fp_trap_1                  0x08000229   Thumb Code     0  libinit2.o(.ARM.Collect$$libinit$$0000001F)
    __rt_lib_init_getenv_1                   0x08000229   Thumb Code     0  libinit2.o(.ARM.Collect$$libinit$$00000023)
    __rt_lib_init_lc_numeric_1               0x08000229   Thumb Code     0  libinit2.o(.ARM.Collect$$libinit$$00000017)
    __rt_lib_init_lc_time_1                  0x08000229   Thumb Code     0  libinit2.o(.ARM.Collect$$libinit$$00000019)
    __rt_lib_init_return                     0x08000229   Thumb Code     0  libinit2.o(.ARM.Collect$$libinit$$00000033)
    __rt_lib_init_signal_1                   0x08000229   Thumb Code     0  libinit2.o(.ARM.Collect$$libinit$$0000001D)
    __rt_lib_init_stdio_1                    0x08000229   Thumb Code     0  libinit2.o(.ARM.Collect$$libinit$$00000025)
    __rt_lib_shutdown                        0x0800022b   Thumb Code     0  libshutdown.o(.ARM.Collect$$libshutdown$$00000000)
    __rt_lib_shutdown_cpp_1                  0x0800022d   Thumb Code     0  libshutdown2.o(.ARM.Collect$$libshutdown$$00000004)
    __rt_lib_shutdown_fini_1                 0x0800022d   Thumb Code     0  libshutdown2.o(.ARM.Collect$$libshutdown$$00000002)
    __rt_lib_shutdown_fp_trap_1              0x0800022d   Thumb Code     0  libshutdown2.o(.ARM.Collect$$libshutdown$$00000009)
    __rt_lib_shutdown_heap_1                 0x0800022d   Thumb Code     0  libshutdown2.o(.ARM.Collect$$libshutdown$$00000011)
    __rt_lib_shutdown_return                 0x0800022d   Thumb Code     0  libshutdown2.o(.ARM.Collect$$libshutdown$$00000012)
    __rt_lib_shutdown_signal_1               0x0800022d   Thumb Code     0  libshutdown2.o(.ARM.Collect$$libshutdown$$0000000C)
    __rt_lib_shutdown_stdio_1                0x0800022d   Thumb Code     0  libshutdown2.o(.ARM.Collect$$libshutdown$$00000006)
    __rt_lib_shutdown_user_alloc_1           0x0800022d   Thumb Code     0  libshutdown2.o(.ARM.Collect$$libshutdown$$0000000E)
    __rt_entry                               0x0800022f   Thumb Code     0  __rtentry.o(.ARM.Collect$$rtentry$$00000000)
    __rt_entry_presh_1                       0x0800022f   Thumb Code     0  __rtentry2.o(.ARM.Collect$$rtentry$$00000002)
    __rt_entry_sh                            0x0800022f   Thumb Code     0  __rtentry4.o(.ARM.Collect$$rtentry$$00000004)
    __rt_entry_li                            0x08000235   Thumb Code     0  __rtentry2.o(.ARM.Collect$$rtentry$$0000000A)
    __rt_entry_postsh_1                      0x08000235   Thumb Code     0  __rtentry2.o(.ARM.Collect$$rtentry$$00000009)
    __rt_entry_main                          0x08000239   Thumb Code     0  __rtentry2.o(.ARM.Collect$$rtentry$$0000000D)
    __rt_entry_postli_1                      0x08000239   Thumb Code     0  __rtentry2.o(.ARM.Collect$$rtentry$$0000000C)
    __rt_exit                                0x08000241   Thumb Code     0  rtexit.o(.ARM.Collect$$rtexit$$00000000)
    __rt_exit_ls                             0x08000243   Thumb Code     0  rtexit2.o(.ARM.Collect$$rtexit$$00000003)
    __rt_exit_prels_1                        0x08000243   Thumb Code     0  rtexit2.o(.ARM.Collect$$rtexit$$00000002)
    __rt_exit_exit                           0x08000247   Thumb Code     0  rtexit2.o(.ARM.Collect$$rtexit$$00000004)
    Reset_Handler                            0x0800024d   Thumb Code     8  startup_stm32f401xc.o(.text)
    ADC_IRQHandler                           0x08000267   Thumb Code     0  startup_stm32f401xc.o(.text)
    DMA1_Stream0_IRQHandler                  0x08000267   Thumb Code     0  startup_stm32f401xc.o(.text)
    DMA1_Stream1_IRQHandler                  0x08000267   Thumb Code     0  startup_stm32f401xc.o(.text)
    DMA1_Stream2_IRQHandler                  0x08000267   Thumb Code     0  startup_stm32f401xc.o(.text)
    DMA1_Stream3_IRQHandler                  0x08000267   Thumb Code     0  startup_stm32f401xc.o(.text)
    DMA1_Stream4_IRQHandler                  0x08000267   Thumb Code     0  startup_stm32f401xc.o(.text)
    DMA1_Stream5_IRQHandler                  0x08000267   Thumb Code     0  startup_stm32f401xc.o(.text)
    DMA1_Stream6_IRQHandler                  0x08000267   Thumb Code     0  startup_stm32f401xc.o(.text)
    DMA1_Stream7_IRQHandler                  0x08000267   Thumb Code     0  startup_stm32f401xc.o(.text)
    DMA2_Stream0_IRQHandler                  0x08000267   Thumb Code     0  startup_stm32f401xc.o(.text)
    DMA2_Stream1_IRQHandler                  0x08000267   Thumb Code     0  startup_stm32f401xc.o(.text)
    DMA2_Stream2_IRQHandler                  0x08000267   Thumb Code     0  startup_stm32f401xc.o(.text)
    DMA2_Stream3_IRQHandler                  0x08000267   Thumb Code     0  startup_stm32f401xc.o(.text)
    DMA2_Stream4_IRQHandler                  0x08000267   Thumb Code     0  startup_stm32f401xc.o(.text)
    DMA2_Stream5_IRQHandler                  0x08000267   Thumb Code     0  startup_stm32f401xc.o(.text)
    DMA2_Stream6_IRQHandler                  0x08000267   Thumb Code     0  startup_stm32f401xc.o(.text)
    DMA2_Stream7_IRQHandler                  0x08000267   Thumb Code     0  startup_stm32f401xc.o(.text)
    EXTI0_IRQHandler                         0x08000267   Thumb Code     0  startup_stm32f401xc.o(.text)
    EXTI15_10_IRQHandler                     0x08000267   Thumb Code     0  startup_stm32f401xc.o(.text)
    EXTI1_IRQHandler                         0x08000267   Thumb Code     0  startup_stm32f401xc.o(.text)
    EXTI2_IRQHandler                         0x08000267   Thumb Code     0  startup_stm32f401xc.o(.text)
    EXTI3_IRQHandler                         0x08000267   Thumb Code     0  startup_stm32f401xc.o(.text)
    EXTI4_IRQHandler                         0x08000267   Thumb Code     0  startup_stm32f401xc.o(.text)
    EXTI9_5_IRQHandler                       0x08000267   Thumb Code     0  startup_stm32f401xc.o(.text)
    FLASH_IRQHandler                         0x08000267   Thumb Code     0  startup_stm32f401xc.o(.text)
    FPU_IRQHandler                           0x08000267   Thumb Code     0  startup_stm32f401xc.o(.text)
    I2C1_ER_IRQHandler                       0x08000267   Thumb Code     0  startup_stm32f401xc.o(.text)
    I2C1_EV_IRQHandler                       0x08000267   Thumb Code     0  startup_stm32f401xc.o(.text)
    I2C2_ER_IRQHandler                       0x08000267   Thumb Code     0  startup_stm32f401xc.o(.text)
    I2C2_EV_IRQHandler                       0x08000267   Thumb Code     0  startup_stm32f401xc.o(.text)
    I2C3_ER_IRQHandler                       0x08000267   Thumb Code     0  startup_stm32f401xc.o(.text)
    I2C3_EV_IRQHandler                       0x08000267   Thumb Code     0  startup_stm32f401xc.o(.text)
    OTG_FS_IRQHandler                        0x08000267   Thumb Code     0  startup_stm32f401xc.o(.text)
    OTG_FS_WKUP_IRQHandler                   0x08000267   Thumb Code     0  startup_stm32f401xc.o(.text)
    PVD_IRQHandler                           0x08000267   Thumb Code     0  startup_stm32f401xc.o(.text)
    RCC_IRQHandler                           0x08000267   Thumb Code     0  startup_stm32f401xc.o(.text)
    RTC_Alarm_IRQHandler                     0x08000267   Thumb Code     0  startup_stm32f401xc.o(.text)
    RTC_WKUP_IRQHandler                      0x08000267   Thumb Code     0  startup_stm32f401xc.o(.text)
    SDIO_IRQHandler                          0x08000267   Thumb Code     0  startup_stm32f401xc.o(.text)
    SPI1_IRQHandler                          0x08000267   Thumb Code     0  startup_stm32f401xc.o(.text)
    SPI2_IRQHandler                          0x08000267   Thumb Code     0  startup_stm32f401xc.o(.text)
    SPI3_IRQHandler                          0x08000267   Thumb Code     0  startup_stm32f401xc.o(.text)
    SPI4_IRQHandler                          0x08000267   Thumb Code     0  startup_stm32f401xc.o(.text)
    TAMP_STAMP_IRQHandler                    0x08000267   Thumb Code     0  startup_stm32f401xc.o(.text)
    TIM1_BRK_TIM9_IRQHandler                 0x08000267   Thumb Code     0  startup_stm32f401xc.o(.text)
    TIM1_CC_IRQHandler                       0x08000267   Thumb Code     0  startup_stm32f401xc.o(.text)
    TIM1_TRG_COM_TIM11_IRQHandler            0x08000267   Thumb Code     0  startup_stm32f401xc.o(.text)
    TIM1_UP_TIM10_IRQHandler                 0x08000267   Thumb Code     0  startup_stm32f401xc.o(.text)
    TIM2_IRQHandler                          0x08000267   Thumb Code     0  startup_stm32f401xc.o(.text)
    TIM3_IRQHandler                          0x08000267   Thumb Code     0  startup_stm32f401xc.o(.text)
    TIM4_IRQHandler                          0x08000267   Thumb Code     0  startup_stm32f401xc.o(.text)
    TIM5_IRQHandler                          0x08000267   Thumb Code     0  startup_stm32f401xc.o(.text)
    USART1_IRQHandler                        0x08000267   Thumb Code     0  startup_stm32f401xc.o(.text)
    USART2_IRQHandler                        0x08000267   Thumb Code     0  startup_stm32f401xc.o(.text)
    USART6_IRQHandler                        0x08000267   Thumb Code     0  startup_stm32f401xc.o(.text)
    WWDG_IRQHandler                          0x08000267   Thumb Code     0  startup_stm32f401xc.o(.text)
    __user_initial_stackheap                 0x08000269   Thumb Code     0  startup_stm32f401xc.o(.text)
    __aeabi_uldivmod                         0x0800028d   Thumb Code     0  lludivv7m.o(.text)
    _ll_udiv                                 0x0800028d   Thumb Code   238  lludivv7m.o(.text)
    __2sprintf                               0x0800037d   Thumb Code    34  noretval__2sprintf.o(.text)
    __printf                                 0x080003a5   Thumb Code   388  __printf_flags_ss_wp.o(.text)
    strlen                                   0x0800052d   Thumb Code    62  strlen.o(.text)
    __aeabi_memclr4                          0x0800056b   Thumb Code     0  rt_memclr_w.o(.text)
    __aeabi_memclr8                          0x0800056b   Thumb Code     0  rt_memclr_w.o(.text)
    __rt_memclr_w                            0x0800056b   Thumb Code    78  rt_memclr_w.o(.text)
    _memset_w                                0x0800056f   Thumb Code     0  rt_memclr_w.o(.text)
    strcmp                                   0x080005b9   Thumb Code   128  strcmpv7m.o(.text)
    __use_two_region_memory                  0x08000639   Thumb Code     2  heapauxi.o(.text)
    __rt_heap_escrow$2region                 0x0800063b   Thumb Code     2  heapauxi.o(.text)
    __rt_heap_expand$2region                 0x0800063d   Thumb Code     2  heapauxi.o(.text)
    __read_errno                             0x0800063f   Thumb Code    10  _rserrno.o(.text)
    __set_errno                              0x08000649   Thumb Code    12  _rserrno.o(.text)
    __lib_sel_fp_printf                      0x08000655   Thumb Code     2  _printf_fp_dec.o(.text)
    _printf_fp_dec_real                      0x08000807   Thumb Code   620  _printf_fp_dec.o(.text)
    _printf_char_common                      0x08000a7f   Thumb Code    32  _printf_char_common.o(.text)
    _sputc                                   0x08000aa5   Thumb Code    10  _sputc.o(.text)
    __rt_locale                              0x08000ab1   Thumb Code     8  rt_locale_intlibspace.o(.text)
    __aeabi_errno_addr                       0x08000ab9   Thumb Code     8  rt_errno_addr_intlibspace.o(.text)
    __errno$intlibspace                      0x08000ab9   Thumb Code     0  rt_errno_addr_intlibspace.o(.text)
    __rt_errno_addr$intlibspace              0x08000ab9   Thumb Code     0  rt_errno_addr_intlibspace.o(.text)
    _ll_udiv10                               0x08000ac1   Thumb Code   138  lludiv10.o(.text)
    _printf_fp_infnan                        0x08000b4d   Thumb Code   112  _printf_fp_infnan.o(.text)
    _btod_etento                             0x08000bcd   Thumb Code   224  bigflt0.o(.text)
    __user_libspace                          0x08000cb1   Thumb Code     8  libspace.o(.text)
    __user_perproc_libspace                  0x08000cb1   Thumb Code     0  libspace.o(.text)
    __user_perthread_libspace                0x08000cb1   Thumb Code     0  libspace.o(.text)
    __user_setup_stackheap                   0x08000cb9   Thumb Code    74  sys_stackheap_outer.o(.text)
    exit                                     0x08000d03   Thumb Code    18  exit.o(.text)
    _sys_exit                                0x08000d15   Thumb Code     8  sys_exit.o(.text)
    __I$use$semihosting                      0x08000d21   Thumb Code     0  use_no_semi.o(.text)
    __use_no_semihosting_swi                 0x08000d21   Thumb Code     2  use_no_semi.o(.text)
    __semihosting_library_function           0x08000d23   Thumb Code     0  indicate_semi.o(.text)
    _btod_d2e                                0x08000d23   Thumb Code    62  btod.o(CL$$btod_d2e)
    _d2e_denorm_low                          0x08000d61   Thumb Code    70  btod.o(CL$$btod_d2e_denorm_low)
    _d2e_norm_op1                            0x08000da7   Thumb Code    96  btod.o(CL$$btod_d2e_norm_op1)
    __btod_div_common                        0x08000e07   Thumb Code   696  btod.o(CL$$btod_div_common)
    _e2e                                     0x0800113f   Thumb Code   220  btod.o(CL$$btod_e2e)
    _btod_ediv                               0x0800121b   Thumb Code    42  btod.o(CL$$btod_ediv)
    _btod_emul                               0x08001245   Thumb Code    42  btod.o(CL$$btod_emul)
    __btod_mult_common                       0x0800126f   Thumb Code   580  btod.o(CL$$btod_mult_common)
    BusFault_Handler                         0x080014b3   Thumb Code     2  stm32f4xx_it.o(i.BusFault_Handler)
    DebugMon_Handler                         0x080014b5   Thumb Code     2  stm32f4xx_it.o(i.DebugMon_Handler)
    Error_Handler                            0x080014b7   Thumb Code     4  main.o(i.Error_Handler)
    HAL_Delay                                0x080014bd   Thumb Code    32  stm32f4xx_hal.o(i.HAL_Delay)
    HAL_GPIO_Init                            0x080014e1   Thumb Code   444  stm32f4xx_hal_gpio.o(i.HAL_GPIO_Init)
    HAL_GPIO_WritePin                        0x080016bd   Thumb Code    10  stm32f4xx_hal_gpio.o(i.HAL_GPIO_WritePin)
    HAL_GetTick                              0x080016c9   Thumb Code     6  stm32f4xx_hal.o(i.HAL_GetTick)
    HAL_I2C_Init                             0x080016d5   Thumb Code   376  stm32f4xx_hal_i2c.o(i.HAL_I2C_Init)
    HAL_I2C_Master_Receive                   0x0800185d   Thumb Code   468  stm32f4xx_hal_i2c.o(i.HAL_I2C_Master_Receive)
    HAL_I2C_Master_Transmit                  0x08001a3d   Thumb Code   290  stm32f4xx_hal_i2c.o(i.HAL_I2C_Master_Transmit)
    HAL_I2C_MspInit                          0x08001b69   Thumb Code    92  i2c.o(i.HAL_I2C_MspInit)
    HAL_IncTick                              0x08001bd1   Thumb Code    12  stm32f4xx_hal.o(i.HAL_IncTick)
    HAL_Init                                 0x08001be1   Thumb Code    48  stm32f4xx_hal.o(i.HAL_Init)
    HAL_InitTick                             0x08001c15   Thumb Code    54  stm32f4xx_hal.o(i.HAL_InitTick)
    HAL_MspInit                              0x08001c55   Thumb Code    42  stm32f4xx_hal_msp.o(i.HAL_MspInit)
    HAL_NVIC_SetPriority                     0x08001c85   Thumb Code    60  stm32f4xx_hal_cortex.o(i.HAL_NVIC_SetPriority)
    HAL_NVIC_SetPriorityGrouping             0x08001cc5   Thumb Code    26  stm32f4xx_hal_cortex.o(i.HAL_NVIC_SetPriorityGrouping)
    HAL_RCC_ClockConfig                      0x08001ce9   Thumb Code   288  stm32f4xx_hal_rcc.o(i.HAL_RCC_ClockConfig)
    HAL_RCC_GetPCLK1Freq                     0x08001e1d   Thumb Code    20  stm32f4xx_hal_rcc.o(i.HAL_RCC_GetPCLK1Freq)
    HAL_RCC_GetPCLK2Freq                     0x08001e3d   Thumb Code    20  stm32f4xx_hal_rcc.o(i.HAL_RCC_GetPCLK2Freq)
    HAL_RCC_GetSysClockFreq                  0x08001e5d   Thumb Code    88  stm32f4xx_hal_rcc.o(i.HAL_RCC_GetSysClockFreq)
    HAL_RCC_OscConfig                        0x08001ec1   Thumb Code   856  stm32f4xx_hal_rcc.o(i.HAL_RCC_OscConfig)
    HAL_SYSTICK_Config                       0x0800222d   Thumb Code    40  stm32f4xx_hal_cortex.o(i.HAL_SYSTICK_Config)
    HAL_UART_Init                            0x08002255   Thumb Code    98  stm32f4xx_hal_uart.o(i.HAL_UART_Init)
    HAL_UART_MspInit                         0x080022b9   Thumb Code    94  usart.o(i.HAL_UART_MspInit)
    HAL_UART_Transmit                        0x08002325   Thumb Code   178  stm32f4xx_hal_uart.o(i.HAL_UART_Transmit)
    HardFault_Handler                        0x080023d7   Thumb Code     2  stm32f4xx_it.o(i.HardFault_Handler)
    Kalman_getAngle                          0x0800278d   Thumb Code   154  mpu6050.o(i.Kalman_getAngle)
    MX_GPIO_Init                             0x08002829   Thumb Code   100  gpio.o(i.MX_GPIO_Init)
    MX_I2C1_Init                             0x08002895   Thumb Code    50  i2c.o(i.MX_I2C1_Init)
    MX_USART1_UART_Init                      0x080028d5   Thumb Code    48  usart.o(i.MX_USART1_UART_Init)
    MemManage_Handler                        0x0800290d   Thumb Code     2  stm32f4xx_it.o(i.MemManage_Handler)
    NMI_Handler                              0x0800290f   Thumb Code     2  stm32f4xx_it.o(i.NMI_Handler)
    PendSV_Handler                           0x08002911   Thumb Code     2  stm32f4xx_it.o(i.PendSV_Handler)
    SVC_Handler                              0x08002913   Thumb Code     2  stm32f4xx_it.o(i.SVC_Handler)
    SysTick_Handler                          0x08002915   Thumb Code     4  stm32f4xx_it.o(i.SysTick_Handler)
    SystemClock_Config                       0x08002919   Thumb Code   140  main.o(i.SystemClock_Config)
    SystemInit                               0x080029ad   Thumb Code    12  system_stm32f4xx.o(i.SystemInit)
    UsageFault_Handler                       0x08002b2d   Thumb Code     2  stm32f4xx_it.o(i.UsageFault_Handler)
    __ARM_fpclassify                         0x08002b2f   Thumb Code    48  fpclassify.o(i.__ARM_fpclassify)
    __hardfp_atan                            0x08002b81   Thumb Code   622  atan.o(i.__hardfp_atan)
    __hardfp_atan2                           0x08002e59   Thumb Code   448  atan2.o(i.__hardfp_atan2)
    __hardfp_sqrt                            0x08003059   Thumb Code   122  sqrt.o(i.__hardfp_sqrt)
    __kernel_poly                            0x080030d3   Thumb Code   248  poly.o(i.__kernel_poly)
    __mathlib_dbl_infnan                     0x080031cb   Thumb Code    20  dunder.o(i.__mathlib_dbl_infnan)
    __mathlib_dbl_infnan2                    0x080031df   Thumb Code    20  dunder.o(i.__mathlib_dbl_infnan2)
    __mathlib_dbl_underflow                  0x080031f9   Thumb Code    24  dunder.o(i.__mathlib_dbl_underflow)
    _is_digit                                0x08003219   Thumb Code    14  __printf_wp.o(i._is_digit)
    accel_avg                                0x08003227   Thumb Code    88  mpu6050_i2c.o(i.accel_avg)
    accelinit                                0x08003281   Thumb Code    58  mpu6050_i2c.o(i.accelinit)
    atan                                     0x080032dd   Thumb Code    16  atan.o(i.atan)
    fabs                                     0x080032ed   Thumb Code    24  fabs.o(i.fabs)
    get_accelraw                             0x08003305   Thumb Code    70  mpu6050_i2c.o(i.get_accelraw)
    get_gyroraw                              0x0800334b   Thumb Code    70  mpu6050_i2c.o(i.get_gyroraw)
    gyro_avg                                 0x08003391   Thumb Code    88  mpu6050_i2c.o(i.gyro_avg)
    gyroinit                                 0x080033e9   Thumb Code    64  mpu6050_i2c.o(i.gyroinit)
    lineend                                  0x08003449   Thumb Code    30  uart_print.o(i.lineend)
    main                                     0x0800346d   Thumb Code   498  main.o(i.main)
    print_float                              0x08003681   Thumb Code    48  uart_print.o(i.print_float)
    print_str                                0x080036b5   Thumb Code    30  uart_print.o(i.print_str)
    to_dps                                   0x080036d5   Thumb Code   294  mpu6050_i2c.o(i.to_dps)
    to_g                                     0x08003819   Thumb Code   134  mpu6050_i2c.o(i.to_g)
    _get_lc_numeric                          0x080038a9   Thumb Code    44  lc_numeric_c.o(locale$$code)
    __aeabi_dneg                             0x080038d5   Thumb Code     0  basic.o(x$fpl$basic)
    _dneg                                    0x080038d5   Thumb Code     6  basic.o(x$fpl$basic)
    __aeabi_fneg                             0x080038db   Thumb Code     0  basic.o(x$fpl$basic)
    _fneg                                    0x080038db   Thumb Code     6  basic.o(x$fpl$basic)
    _dabs                                    0x080038e1   Thumb Code     6  basic.o(x$fpl$basic)
    _fabs                                    0x080038e7   Thumb Code     6  basic.o(x$fpl$basic)
    __aeabi_d2f                              0x080038ed   Thumb Code     0  d2f.o(x$fpl$d2f)
    _d2f                                     0x080038ed   Thumb Code    98  d2f.o(x$fpl$d2f)
    __aeabi_dadd                             0x08003951   Thumb Code     0  daddsub_clz.o(x$fpl$dadd)
    _dadd                                    0x08003951   Thumb Code   332  daddsub_clz.o(x$fpl$dadd)
    __fpl_dcmp_Inf                           0x08003aa1   Thumb Code    24  dcmpi.o(x$fpl$dcmpinf)
    __aeabi_ddiv                             0x08003ab9   Thumb Code     0  ddiv.o(x$fpl$ddiv)
    _ddiv                                    0x08003ab9   Thumb Code   552  ddiv.o(x$fpl$ddiv)
    __aeabi_cdcmpeq                          0x08003d69   Thumb Code     0  deqf.o(x$fpl$deqf)
    _dcmpeq                                  0x08003d69   Thumb Code   120  deqf.o(x$fpl$deqf)
    __aeabi_dmul                             0x08003de1   Thumb Code     0  dmul.o(x$fpl$dmul)
    _dmul                                    0x08003de1   Thumb Code   332  dmul.o(x$fpl$dmul)
    __fpl_dnaninf                            0x08003f35   Thumb Code   156  dnaninf.o(x$fpl$dnaninf)
    __fpl_dretinf                            0x08003fd1   Thumb Code    12  dretinf.o(x$fpl$dretinf)
    __aeabi_drsub                            0x08003fdd   Thumb Code     0  daddsub_clz.o(x$fpl$drsb)
    _drsb                                    0x08003fdd   Thumb Code    22  daddsub_clz.o(x$fpl$drsb)
    _dsqrt                                   0x08003ff5   Thumb Code   404  dsqrt_umaal.o(x$fpl$dsqrt)
    __aeabi_dsub                             0x0800418d   Thumb Code     0  daddsub_clz.o(x$fpl$dsub)
    _dsub                                    0x0800418d   Thumb Code   464  daddsub_clz.o(x$fpl$dsub)
    __aeabi_f2d                              0x08004361   Thumb Code     0  f2d.o(x$fpl$f2d)
    _f2d                                     0x08004361   Thumb Code    86  f2d.o(x$fpl$f2d)
    __fpl_fnaninf                            0x080043b7   Thumb Code   140  fnaninf.o(x$fpl$fnaninf)
    _fp_init                                 0x08004443   Thumb Code    10  fpinit.o(x$fpl$fpinit)
    __fplib_config_fpu_vfp                   0x0800444b   Thumb Code     0  fpinit.o(x$fpl$fpinit)
    __fplib_config_pureend_doubles           0x0800444b   Thumb Code     0  fpinit.o(x$fpl$fpinit)
    __fpl_fretinf                            0x0800444d   Thumb Code    10  fretinf.o(x$fpl$fretinf)
    _printf_fp_dec                           0x08004457   Thumb Code     4  printf1.o(x$fpl$printf1)
    AHBPrescTable                            0x0800445a   Data          16  system_stm32f4xx.o(.constdata)
    __I$use$fp                               0x0800445a   Number         0  usenofp.o(x$fpl$usenofp)
    APBPrescTable                            0x0800446a   Data           8  system_stm32f4xx.o(.constdata)
    __mathlib_zero                           0x08004520   Data           8  qnan.o(.constdata)
    Region$$Table$$Base                      0x080045bc   Number         0  anon$$obj.o(Region$$Table)
    Region$$Table$$Limit                     0x080045dc   Number         0  anon$$obj.o(Region$$Table)
    KalmanX                                  0x20000000   Data          36  main.o(.data)
    KalmanY                                  0x20000024   Data          36  main.o(.data)
    uwTickFreq                               0x20000048   Data           1  stm32f4xx_hal.o(.data)
    uwTickPrio                               0x2000004c   Data           4  stm32f4xx_hal.o(.data)
    uwTick                                   0x20000050   Data           4  stm32f4xx_hal.o(.data)
    SystemCoreClock                          0x20000054   Data           4  system_stm32f4xx.o(.data)
    MPU9250                                  0x2000005c   Data          32  main.o(.bss)
    hi2c1                                    0x2000007c   Data          84  i2c.o(.bss)
    huart1                                   0x200000d0   Data          68  usart.o(.bss)
    __libspace_start                         0x20000114   Data          96  libspace.o(.bss)
    __temporary_stack_top$libspace           0x20000174   Data           0  libspace.o(.bss)



==============================================================================

Memory Map of the image

  Image Entry point : 0x08000195

  Load Region LR_IROM1 (Base: 0x08000000, Size: 0x00004654, Max: 0x00040000, ABSOLUTE)

    Execution Region ER_IROM1 (Exec base: 0x08000000, Load base: 0x08000000, Size: 0x000045f8, Max: 0x00040000, ABSOLUTE)

    Exec Addr    Load Addr    Size         Type   Attr      Idx    E Section Name        Object

    0x08000000   0x08000000   0x00000194   Data   RO            3    RESET               startup_stm32f401xc.o
    0x08000194   0x08000194   0x00000008   Code   RO         2802  * !!!main             c_w.l(__main.o)
    0x0800019c   0x0800019c   0x00000034   Code   RO         3205    !!!scatter          c_w.l(__scatter.o)
    0x080001d0   0x080001d0   0x0000001a   Code   RO         3207    !!handler_copy      c_w.l(__scatter_copy.o)
    0x080001ea   0x080001ea   0x00000002   PAD
    0x080001ec   0x080001ec   0x0000001c   Code   RO         3209    !!handler_zi        c_w.l(__scatter_zi.o)
    0x08000208   0x08000208   0x00000000   Code   RO         2787    .ARM.Collect$$_printf_percent$$00000000  c_w.l(_printf_percent.o)
    0x08000208   0x08000208   0x00000006   Code   RO         2786    .ARM.Collect$$_printf_percent$$00000003  c_w.l(_printf_f.o)
    0x0800020e   0x0800020e   0x00000004   Code   RO         2895    .ARM.Collect$$_printf_percent$$00000017  c_w.l(_printf_percent_end.o)
    0x08000212   0x08000212   0x00000002   Code   RO         3073    .ARM.Collect$$libinit$$00000000  c_w.l(libinit.o)
    0x08000214   0x08000214   0x00000004   Code   RO         3074    .ARM.Collect$$libinit$$00000001  c_w.l(libinit2.o)
    0x08000218   0x08000218   0x00000000   Code   RO         3077    .ARM.Collect$$libinit$$00000004  c_w.l(libinit2.o)
    0x08000218   0x08000218   0x00000000   Code   RO         3080    .ARM.Collect$$libinit$$0000000A  c_w.l(libinit2.o)
    0x08000218   0x08000218   0x00000000   Code   RO         3082    .ARM.Collect$$libinit$$0000000C  c_w.l(libinit2.o)
    0x08000218   0x08000218   0x00000000   Code   RO         3084    .ARM.Collect$$libinit$$0000000E  c_w.l(libinit2.o)
    0x08000218   0x08000218   0x00000006   Code   RO         3085    .ARM.Collect$$libinit$$0000000F  c_w.l(libinit2.o)
    0x0800021e   0x0800021e   0x00000000   Code   RO         3087    .ARM.Collect$$libinit$$00000011  c_w.l(libinit2.o)
    0x0800021e   0x0800021e   0x00000000   Code   RO         3089    .ARM.Collect$$libinit$$00000013  c_w.l(libinit2.o)
    0x0800021e   0x0800021e   0x00000000   Code   RO         3091    .ARM.Collect$$libinit$$00000015  c_w.l(libinit2.o)
    0x0800021e   0x0800021e   0x0000000a   Code   RO         3092    .ARM.Collect$$libinit$$00000016  c_w.l(libinit2.o)
    0x08000228   0x08000228   0x00000000   Code   RO         3093    .ARM.Collect$$libinit$$00000017  c_w.l(libinit2.o)
    0x08000228   0x08000228   0x00000000   Code   RO         3095    .ARM.Collect$$libinit$$00000019  c_w.l(libinit2.o)
    0x08000228   0x08000228   0x00000000   Code   RO         3097    .ARM.Collect$$libinit$$0000001B  c_w.l(libinit2.o)
    0x08000228   0x08000228   0x00000000   Code   RO         3099    .ARM.Collect$$libinit$$0000001D  c_w.l(libinit2.o)
    0x08000228   0x08000228   0x00000000   Code   RO         3101    .ARM.Collect$$libinit$$0000001F  c_w.l(libinit2.o)
    0x08000228   0x08000228   0x00000000   Code   RO         3103    .ARM.Collect$$libinit$$00000021  c_w.l(libinit2.o)
    0x08000228   0x08000228   0x00000000   Code   RO         3105    .ARM.Collect$$libinit$$00000023  c_w.l(libinit2.o)
    0x08000228   0x08000228   0x00000000   Code   RO         3107    .ARM.Collect$$libinit$$00000025  c_w.l(libinit2.o)
    0x08000228   0x08000228   0x00000000   Code   RO         3111    .ARM.Collect$$libinit$$0000002C  c_w.l(libinit2.o)
    0x08000228   0x08000228   0x00000000   Code   RO         3113    .ARM.Collect$$libinit$$0000002E  c_w.l(libinit2.o)
    0x08000228   0x08000228   0x00000000   Code   RO         3115    .ARM.Collect$$libinit$$00000030  c_w.l(libinit2.o)
    0x08000228   0x08000228   0x00000000   Code   RO         3117    .ARM.Collect$$libinit$$00000032  c_w.l(libinit2.o)
    0x08000228   0x08000228   0x00000002   Code   RO         3118    .ARM.Collect$$libinit$$00000033  c_w.l(libinit2.o)
    0x0800022a   0x0800022a   0x00000002   Code   RO         3168    .ARM.Collect$$libshutdown$$00000000  c_w.l(libshutdown.o)
    0x0800022c   0x0800022c   0x00000000   Code   RO         3186    .ARM.Collect$$libshutdown$$00000002  c_w.l(libshutdown2.o)
    0x0800022c   0x0800022c   0x00000000   Code   RO         3188    .ARM.Collect$$libshutdown$$00000004  c_w.l(libshutdown2.o)
    0x0800022c   0x0800022c   0x00000000   Code   RO         3190    .ARM.Collect$$libshutdown$$00000006  c_w.l(libshutdown2.o)
    0x0800022c   0x0800022c   0x00000000   Code   RO         3193    .ARM.Collect$$libshutdown$$00000009  c_w.l(libshutdown2.o)
    0x0800022c   0x0800022c   0x00000000   Code   RO         3196    .ARM.Collect$$libshutdown$$0000000C  c_w.l(libshutdown2.o)
    0x0800022c   0x0800022c   0x00000000   Code   RO         3198    .ARM.Collect$$libshutdown$$0000000E  c_w.l(libshutdown2.o)
    0x0800022c   0x0800022c   0x00000000   Code   RO         3201    .ARM.Collect$$libshutdown$$00000011  c_w.l(libshutdown2.o)
    0x0800022c   0x0800022c   0x00000002   Code   RO         3202    .ARM.Collect$$libshutdown$$00000012  c_w.l(libshutdown2.o)
    0x0800022e   0x0800022e   0x00000000   Code   RO         2880    .ARM.Collect$$rtentry$$00000000  c_w.l(__rtentry.o)
    0x0800022e   0x0800022e   0x00000000   Code   RO         2983    .ARM.Collect$$rtentry$$00000002  c_w.l(__rtentry2.o)
    0x0800022e   0x0800022e   0x00000006   Code   RO         2995    .ARM.Collect$$rtentry$$00000004  c_w.l(__rtentry4.o)
    0x08000234   0x08000234   0x00000000   Code   RO         2985    .ARM.Collect$$rtentry$$00000009  c_w.l(__rtentry2.o)
    0x08000234   0x08000234   0x00000004   Code   RO         2986    .ARM.Collect$$rtentry$$0000000A  c_w.l(__rtentry2.o)
    0x08000238   0x08000238   0x00000000   Code   RO         2988    .ARM.Collect$$rtentry$$0000000C  c_w.l(__rtentry2.o)
    0x08000238   0x08000238   0x00000008   Code   RO         2989    .ARM.Collect$$rtentry$$0000000D  c_w.l(__rtentry2.o)
    0x08000240   0x08000240   0x00000002   Code   RO         3119    .ARM.Collect$$rtexit$$00000000  c_w.l(rtexit.o)
    0x08000242   0x08000242   0x00000000   Code   RO         3137    .ARM.Collect$$rtexit$$00000002  c_w.l(rtexit2.o)
    0x08000242   0x08000242   0x00000004   Code   RO         3138    .ARM.Collect$$rtexit$$00000003  c_w.l(rtexit2.o)
    0x08000246   0x08000246   0x00000006   Code   RO         3139    .ARM.Collect$$rtexit$$00000004  c_w.l(rtexit2.o)
    0x0800024c   0x0800024c   0x00000040   Code   RO            4    .text               startup_stm32f401xc.o
    0x0800028c   0x0800028c   0x000000ee   Code   RO         2731    .text               c_w.l(lludivv7m.o)
    0x0800037a   0x0800037a   0x00000002   PAD
    0x0800037c   0x0800037c   0x00000028   Code   RO         2735    .text               c_w.l(noretval__2sprintf.o)
    0x080003a4   0x080003a4   0x00000188   Code   RO         2781    .text               c_w.l(__printf_flags_ss_wp.o)
    0x0800052c   0x0800052c   0x0000003e   Code   RO         2794    .text               c_w.l(strlen.o)
    0x0800056a   0x0800056a   0x0000004e   Code   RO         2796    .text               c_w.l(rt_memclr_w.o)
    0x080005b8   0x080005b8   0x00000080   Code   RO         2798    .text               c_w.l(strcmpv7m.o)
    0x08000638   0x08000638   0x00000006   Code   RO         2800    .text               c_w.l(heapauxi.o)
    0x0800063e   0x0800063e   0x00000016   Code   RO         2885    .text               c_w.l(_rserrno.o)
    0x08000654   0x08000654   0x0000041e   Code   RO         2889    .text               c_w.l(_printf_fp_dec.o)
    0x08000a72   0x08000a72   0x00000002   PAD
    0x08000a74   0x08000a74   0x00000030   Code   RO         2891    .text               c_w.l(_printf_char_common.o)
    0x08000aa4   0x08000aa4   0x0000000a   Code   RO         2893    .text               c_w.l(_sputc.o)
    0x08000aae   0x08000aae   0x00000002   PAD
    0x08000ab0   0x08000ab0   0x00000008   Code   RO         3002    .text               c_w.l(rt_locale_intlibspace.o)
    0x08000ab8   0x08000ab8   0x00000008   Code   RO         3007    .text               c_w.l(rt_errno_addr_intlibspace.o)
    0x08000ac0   0x08000ac0   0x0000008a   Code   RO         3009    .text               c_w.l(lludiv10.o)
    0x08000b4a   0x08000b4a   0x00000002   PAD
    0x08000b4c   0x08000b4c   0x00000080   Code   RO         3013    .text               c_w.l(_printf_fp_infnan.o)
    0x08000bcc   0x08000bcc   0x000000e4   Code   RO         3019    .text               c_w.l(bigflt0.o)
    0x08000cb0   0x08000cb0   0x00000008   Code   RO         3055    .text               c_w.l(libspace.o)
    0x08000cb8   0x08000cb8   0x0000004a   Code   RO         3058    .text               c_w.l(sys_stackheap_outer.o)
    0x08000d02   0x08000d02   0x00000012   Code   RO         3062    .text               c_w.l(exit.o)
    0x08000d14   0x08000d14   0x0000000c   Code   RO         3134    .text               c_w.l(sys_exit.o)
    0x08000d20   0x08000d20   0x00000002   Code   RO         3155    .text               c_w.l(use_no_semi.o)
    0x08000d22   0x08000d22   0x00000000   Code   RO         3157    .text               c_w.l(indicate_semi.o)
    0x08000d22   0x08000d22   0x0000003e   Code   RO         3022    CL$$btod_d2e        c_w.l(btod.o)
    0x08000d60   0x08000d60   0x00000046   Code   RO         3024    CL$$btod_d2e_denorm_low  c_w.l(btod.o)
    0x08000da6   0x08000da6   0x00000060   Code   RO         3023    CL$$btod_d2e_norm_op1  c_w.l(btod.o)
    0x08000e06   0x08000e06   0x00000338   Code   RO         3032    CL$$btod_div_common  c_w.l(btod.o)
    0x0800113e   0x0800113e   0x000000dc   Code   RO         3029    CL$$btod_e2e        c_w.l(btod.o)
    0x0800121a   0x0800121a   0x0000002a   Code   RO         3026    CL$$btod_ediv       c_w.l(btod.o)
    0x08001244   0x08001244   0x0000002a   Code   RO         3025    CL$$btod_emul       c_w.l(btod.o)
    0x0800126e   0x0800126e   0x00000244   Code   RO         3031    CL$$btod_mult_common  c_w.l(btod.o)
    0x080014b2   0x080014b2   0x00000002   Code   RO          283    i.BusFault_Handler  stm32f4xx_it.o
    0x080014b4   0x080014b4   0x00000002   Code   RO          284    i.DebugMon_Handler  stm32f4xx_it.o
    0x080014b6   0x080014b6   0x00000004   Code   RO           13    i.Error_Handler     main.o
    0x080014ba   0x080014ba   0x00000002   PAD
    0x080014bc   0x080014bc   0x00000024   Code   RO         1768    i.HAL_Delay         stm32f4xx_hal.o
    0x080014e0   0x080014e0   0x000001dc   Code   RO         1218    i.HAL_GPIO_Init     stm32f4xx_hal_gpio.o
    0x080016bc   0x080016bc   0x0000000a   Code   RO         1222    i.HAL_GPIO_WritePin  stm32f4xx_hal_gpio.o
    0x080016c6   0x080016c6   0x00000002   PAD
    0x080016c8   0x080016c8   0x0000000c   Code   RO         1774    i.HAL_GetTick       stm32f4xx_hal.o
    0x080016d4   0x080016d4   0x00000188   Code   RO          393    i.HAL_I2C_Init      stm32f4xx_hal_i2c.o
    0x0800185c   0x0800185c   0x000001e0   Code   RO          399    i.HAL_I2C_Master_Receive  stm32f4xx_hal_i2c.o
    0x08001a3c   0x08001a3c   0x0000012c   Code   RO          406    i.HAL_I2C_Master_Transmit  stm32f4xx_hal_i2c.o
    0x08001b68   0x08001b68   0x00000068   Code   RO          200    i.HAL_I2C_MspInit   i2c.o
    0x08001bd0   0x08001bd0   0x00000010   Code   RO         1780    i.HAL_IncTick       stm32f4xx_hal.o
    0x08001be0   0x08001be0   0x00000034   Code   RO         1781    i.HAL_Init          stm32f4xx_hal.o
    0x08001c14   0x08001c14   0x00000040   Code   RO         1782    i.HAL_InitTick      stm32f4xx_hal.o
    0x08001c54   0x08001c54   0x00000030   Code   RO          358    i.HAL_MspInit       stm32f4xx_hal_msp.o
    0x08001c84   0x08001c84   0x00000040   Code   RO         1637    i.HAL_NVIC_SetPriority  stm32f4xx_hal_cortex.o
    0x08001cc4   0x08001cc4   0x00000024   Code   RO         1638    i.HAL_NVIC_SetPriorityGrouping  stm32f4xx_hal_cortex.o
    0x08001ce8   0x08001ce8   0x00000134   Code   RO          840    i.HAL_RCC_ClockConfig  stm32f4xx_hal_rcc.o
    0x08001e1c   0x08001e1c   0x00000020   Code   RO          847    i.HAL_RCC_GetPCLK1Freq  stm32f4xx_hal_rcc.o
    0x08001e3c   0x08001e3c   0x00000020   Code   RO          848    i.HAL_RCC_GetPCLK2Freq  stm32f4xx_hal_rcc.o
    0x08001e5c   0x08001e5c   0x00000064   Code   RO          849    i.HAL_RCC_GetSysClockFreq  stm32f4xx_hal_rcc.o
    0x08001ec0   0x08001ec0   0x0000036c   Code   RO          852    i.HAL_RCC_OscConfig  stm32f4xx_hal_rcc.o
    0x0800222c   0x0800222c   0x00000028   Code   RO         1642    i.HAL_SYSTICK_Config  stm32f4xx_hal_cortex.o
    0x08002254   0x08002254   0x00000062   Code   RO         2084    i.HAL_UART_Init     stm32f4xx_hal_uart.o
    0x080022b6   0x080022b6   0x00000002   PAD
    0x080022b8   0x080022b8   0x0000006c   Code   RO          242    i.HAL_UART_MspInit  usart.o
    0x08002324   0x08002324   0x000000b2   Code   RO         2092    i.HAL_UART_Transmit  stm32f4xx_hal_uart.o
    0x080023d6   0x080023d6   0x00000002   Code   RO          285    i.HardFault_Handler  stm32f4xx_it.o
    0x080023d8   0x080023d8   0x0000002e   Code   RO          435    i.I2C_IsAcknowledgeFailed  stm32f4xx_hal_i2c.o
    0x08002406   0x08002406   0x00000002   PAD
    0x08002408   0x08002408   0x000000ec   Code   RO          438    i.I2C_MasterRequestRead  stm32f4xx_hal_i2c.o
    0x080024f4   0x080024f4   0x0000009c   Code   RO          439    i.I2C_MasterRequestWrite  stm32f4xx_hal_i2c.o
    0x08002590   0x08002590   0x0000004c   Code   RO          449    i.I2C_WaitOnBTFFlagUntilTimeout  stm32f4xx_hal_i2c.o
    0x080025dc   0x080025dc   0x00000068   Code   RO          450    i.I2C_WaitOnFlagUntilTimeout  stm32f4xx_hal_i2c.o
    0x08002644   0x08002644   0x00000096   Code   RO          451    i.I2C_WaitOnMasterAddressFlagUntilTimeout  stm32f4xx_hal_i2c.o
    0x080026da   0x080026da   0x00000066   Code   RO          452    i.I2C_WaitOnRXNEFlagUntilTimeout  stm32f4xx_hal_i2c.o
    0x08002740   0x08002740   0x0000004c   Code   RO          453    i.I2C_WaitOnTXEFlagUntilTimeout  stm32f4xx_hal_i2c.o
    0x0800278c   0x0800278c   0x0000009a   Code   RO         2450    i.Kalman_getAngle   mpu6050.o
    0x08002826   0x08002826   0x00000002   PAD
    0x08002828   0x08002828   0x0000006c   Code   RO          175    i.MX_GPIO_Init      gpio.o
    0x08002894   0x08002894   0x00000040   Code   RO          201    i.MX_I2C1_Init      i2c.o
    0x080028d4   0x080028d4   0x00000038   Code   RO          243    i.MX_USART1_UART_Init  usart.o
    0x0800290c   0x0800290c   0x00000002   Code   RO          286    i.MemManage_Handler  stm32f4xx_it.o
    0x0800290e   0x0800290e   0x00000002   Code   RO          287    i.NMI_Handler       stm32f4xx_it.o
    0x08002910   0x08002910   0x00000002   Code   RO          288    i.PendSV_Handler    stm32f4xx_it.o
    0x08002912   0x08002912   0x00000002   Code   RO          289    i.SVC_Handler       stm32f4xx_it.o
    0x08002914   0x08002914   0x00000004   Code   RO          290    i.SysTick_Handler   stm32f4xx_it.o
    0x08002918   0x08002918   0x00000094   Code   RO           14    i.SystemClock_Config  main.o
    0x080029ac   0x080029ac   0x00000010   Code   RO         2413    i.SystemInit        system_stm32f4xx.o
    0x080029bc   0x080029bc   0x0000010c   Code   RO         2110    i.UART_SetConfig    stm32f4xx_hal_uart.o
    0x08002ac8   0x08002ac8   0x00000064   Code   RO         2113    i.UART_WaitOnFlagUntilTimeout  stm32f4xx_hal_uart.o
    0x08002b2c   0x08002b2c   0x00000002   Code   RO          291    i.UsageFault_Handler  stm32f4xx_it.o
    0x08002b2e   0x08002b2e   0x00000030   Code   RO         3051    i.__ARM_fpclassify  m_wm.l(fpclassify.o)
    0x08002b5e   0x08002b5e   0x00000020   Code   RO         1644    i.__NVIC_SetPriority  stm32f4xx_hal_cortex.o
    0x08002b7e   0x08002b7e   0x00000002   PAD
    0x08002b80   0x08002b80   0x000002d8   Code   RO         2919    i.__hardfp_atan     m_wm.l(atan.o)
    0x08002e58   0x08002e58   0x00000200   Code   RO         2844    i.__hardfp_atan2    m_wm.l(atan2.o)
    0x08003058   0x08003058   0x0000007a   Code   RO         2868    i.__hardfp_sqrt     m_wm.l(sqrt.o)
    0x080030d2   0x080030d2   0x000000f8   Code   RO         3053    i.__kernel_poly     m_wm.l(poly.o)
    0x080031ca   0x080031ca   0x00000014   Code   RO         2934    i.__mathlib_dbl_infnan  m_wm.l(dunder.o)
    0x080031de   0x080031de   0x00000014   Code   RO         2935    i.__mathlib_dbl_infnan2  m_wm.l(dunder.o)
    0x080031f2   0x080031f2   0x00000006   PAD
    0x080031f8   0x080031f8   0x00000020   Code   RO         2939    i.__mathlib_dbl_underflow  m_wm.l(dunder.o)
    0x08003218   0x08003218   0x0000000e   Code   RO         2774    i._is_digit         c_w.l(__printf_wp.o)
    0x08003226   0x08003226   0x00000058   Code   RO         2524    i.accel_avg         mpu6050_i2c.o
    0x0800327e   0x0800327e   0x00000002   PAD
    0x08003280   0x08003280   0x0000005c   Code   RO         2525    i.accelinit         mpu6050_i2c.o
    0x080032dc   0x080032dc   0x00000010   Code   RO         2921    i.atan              m_wm.l(atan.o)
    0x080032ec   0x080032ec   0x00000018   Code   RO         2949    i.fabs              m_wm.l(fabs.o)
    0x08003304   0x08003304   0x00000046   Code   RO         2526    i.get_accelraw      mpu6050_i2c.o
    0x0800334a   0x0800334a   0x00000046   Code   RO         2527    i.get_gyroraw       mpu6050_i2c.o
    0x08003390   0x08003390   0x00000058   Code   RO         2531    i.gyro_avg          mpu6050_i2c.o
    0x080033e8   0x080033e8   0x00000060   Code   RO         2532    i.gyroinit          mpu6050_i2c.o
    0x08003448   0x08003448   0x00000024   Code   RO         2646    i.lineend           uart_print.o
    0x0800346c   0x0800346c   0x00000214   Code   RO           15    i.main              main.o
    0x08003680   0x08003680   0x00000034   Code   RO         2648    i.print_float       uart_print.o
    0x080036b4   0x080036b4   0x0000001e   Code   RO         2651    i.print_str         uart_print.o
    0x080036d2   0x080036d2   0x00000002   PAD
    0x080036d4   0x080036d4   0x00000144   Code   RO         2537    i.to_dps            mpu6050_i2c.o
    0x08003818   0x08003818   0x00000090   Code   RO         2538    i.to_g              mpu6050_i2c.o
    0x080038a8   0x080038a8   0x0000002c   Code   RO         3045    locale$$code        c_w.l(lc_numeric_c.o)
    0x080038d4   0x080038d4   0x00000018   Code   RO         2902    x$fpl$basic         fz_wm.l(basic.o)
    0x080038ec   0x080038ec   0x00000062   Code   RO         2804    x$fpl$d2f           fz_wm.l(d2f.o)
    0x0800394e   0x0800394e   0x00000002   PAD
    0x08003950   0x08003950   0x00000150   Code   RO         2806    x$fpl$dadd          fz_wm.l(daddsub_clz.o)
    0x08003aa0   0x08003aa0   0x00000018   Code   RO         3047    x$fpl$dcmpinf       fz_wm.l(dcmpi.o)
    0x08003ab8   0x08003ab8   0x000002b0   Code   RO         2813    x$fpl$ddiv          fz_wm.l(ddiv.o)
    0x08003d68   0x08003d68   0x00000078   Code   RO         2904    x$fpl$deqf          fz_wm.l(deqf.o)
    0x08003de0   0x08003de0   0x00000154   Code   RO         2826    x$fpl$dmul          fz_wm.l(dmul.o)
    0x08003f34   0x08003f34   0x0000009c   Code   RO         2908    x$fpl$dnaninf       fz_wm.l(dnaninf.o)
    0x08003fd0   0x08003fd0   0x0000000c   Code   RO         2910    x$fpl$dretinf       fz_wm.l(dretinf.o)
    0x08003fdc   0x08003fdc   0x00000016   Code   RO         2807    x$fpl$drsb          fz_wm.l(daddsub_clz.o)
    0x08003ff2   0x08003ff2   0x00000002   PAD
    0x08003ff4   0x08003ff4   0x00000198   Code   RO         2912    x$fpl$dsqrt         fz_wm.l(dsqrt_umaal.o)
    0x0800418c   0x0800418c   0x000001d4   Code   RO         2808    x$fpl$dsub          fz_wm.l(daddsub_clz.o)
    0x08004360   0x08004360   0x00000056   Code   RO         2828    x$fpl$f2d           fz_wm.l(f2d.o)
    0x080043b6   0x080043b6   0x0000008c   Code   RO         2914    x$fpl$fnaninf       fz_wm.l(fnaninf.o)
    0x08004442   0x08004442   0x0000000a   Code   RO         3132    x$fpl$fpinit        fz_wm.l(fpinit.o)
    0x0800444c   0x0800444c   0x0000000a   Code   RO         2916    x$fpl$fretinf       fz_wm.l(fretinf.o)
    0x08004456   0x08004456   0x00000004   Code   RO         2830    x$fpl$printf1       fz_wm.l(printf1.o)
    0x0800445a   0x0800445a   0x00000000   Code   RO         2918    x$fpl$usenofp       fz_wm.l(usenofp.o)
    0x0800445a   0x0800445a   0x00000010   Data   RO         2414    .constdata          system_stm32f4xx.o
    0x0800446a   0x0800446a   0x00000008   Data   RO         2415    .constdata          system_stm32f4xx.o
    0x08004472   0x08004472   0x00000011   Data   RO         2782    .constdata          c_w.l(__printf_flags_ss_wp.o)
    0x08004483   0x08004483   0x00000005   PAD
    0x08004488   0x08004488   0x00000098   Data   RO         2922    .constdata          m_wm.l(atan.o)
    0x08004520   0x08004520   0x00000008   Data   RO         2969    .constdata          m_wm.l(qnan.o)
    0x08004528   0x08004528   0x00000094   Data   RO         3020    .constdata          c_w.l(bigflt0.o)
    0x080045bc   0x080045bc   0x00000020   Data   RO         3203    Region$$Table       anon$$obj.o
    0x080045dc   0x080045dc   0x0000001c   Data   RO         3044    locale$$data        c_w.l(lc_numeric_c.o)


    Execution Region RW_IRAM1 (Exec base: 0x20000000, Load base: 0x080045f8, Size: 0x00000778, Max: 0x00010000, ABSOLUTE)

    Exec Addr    Load Addr    Size         Type   Attr      Idx    E Section Name        Object

    0x20000000   0x080045f8   0x00000048   Data   RW           18    .data               main.o
    0x20000048   0x08004640   0x0000000c   Data   RW         1788    .data               stm32f4xx_hal.o
    0x20000054   0x0800464c   0x00000004   Data   RW         2416    .data               system_stm32f4xx.o
    0x20000058   0x08004650   0x00000003   Data   RW         2656    .data               uart_print.o
    0x2000005b   0x08004653   0x00000001   PAD
    0x2000005c        -       0x00000020   Zero   RW           16    .bss                main.o
    0x2000007c        -       0x00000054   Zero   RW          202    .bss                i2c.o
    0x200000d0        -       0x00000044   Zero   RW          244    .bss                usart.o
    0x20000114        -       0x00000060   Zero   RW         3056    .bss                c_w.l(libspace.o)
    0x20000174   0x08004653   0x00000004   PAD
    0x20000178        -       0x00000200   Zero   RW            2    HEAP                startup_stm32f401xc.o
    0x20000378        -       0x00000400   Zero   RW            1    STACK               startup_stm32f401xc.o


==============================================================================

Image component sizes


      Code (inc. data)   RO Data    RW Data    ZI Data      Debug   Object Name

       108          8          0          0          0        911   gpio.o
       168         26          0          0         84       1661   i2c.o
       684         42          0         72         32     394757   main.o
       154          0          0          0          0       1190   mpu6050.o
       972        106          0          0          0       5863   mpu6050_i2c.o
        64         26        404          0       1536        840   startup_stm32f401xc.o
       180         28          0         12          0       9237   stm32f4xx_hal.o
       172         14          0          0          0      33238   stm32f4xx_hal_cortex.o
       486         32          0          0          0       2156   stm32f4xx_hal_gpio.o
      2118         50          0          0          0      12514   stm32f4xx_hal_i2c.o
        48          6          0          0          0        846   stm32f4xx_hal_msp.o
      1348         76          0          0          0       5216   stm32f4xx_hal_rcc.o
       644         10          0          0          0       4104   stm32f4xx_hal_uart.o
        20          0          0          0          0       4130   stm32f4xx_it.o
        16          4         24          4          0       1115   system_stm32f4xx.o
       118         10          0          3          0       2436   uart_print.o
       164         22          0          0         68       1694   usart.o

    ----------------------------------------------------------------------
      7480        460        460         92       1720     481908   Object Totals
         0          0         32          0          0          0   (incl. Generated)
        16          0          0          1          0          0   (incl. Padding)

    ----------------------------------------------------------------------

      Code (inc. data)   RO Data    RW Data    ZI Data      Debug   Library Member Name

         8          0          0          0          0         68   __main.o
       392          4         17          0          0         92   __printf_flags_ss_wp.o
        14          0          0          0          0         68   __printf_wp.o
         0          0          0          0          0          0   __rtentry.o
        12          0          0          0          0          0   __rtentry2.o
         6          0          0          0          0          0   __rtentry4.o
        52          8          0          0          0          0   __scatter.o
        26          0          0          0          0          0   __scatter_copy.o
        28          0          0          0          0          0   __scatter_zi.o
        48          6          0          0          0         96   _printf_char_common.o
         6          0          0          0          0          0   _printf_f.o
      1054          0          0          0          0        216   _printf_fp_dec.o
       128         16          0          0          0         84   _printf_fp_infnan.o
         0          0          0          0          0          0   _printf_percent.o
         4          0          0          0          0          0   _printf_percent_end.o
        22          0          0          0          0        100   _rserrno.o
        10          0          0          0          0         68   _sputc.o
       228          4        148          0          0         96   bigflt0.o
      1936        128          0          0          0        672   btod.o
        18          0          0          0          0         80   exit.o
         6          0          0          0          0        152   heapauxi.o
         0          0          0          0          0          0   indicate_semi.o
        44         10         28          0          0         76   lc_numeric_c.o
         2          0          0          0          0          0   libinit.o
        22          0          0          0          0          0   libinit2.o
         2          0          0          0          0          0   libshutdown.o
         2          0          0          0          0          0   libshutdown2.o
         8          4          0          0         96         68   libspace.o
       138          0          0          0          0         80   lludiv10.o
       238          0          0          0          0        100   lludivv7m.o
        40          6          0          0          0         84   noretval__2sprintf.o
         8          4          0          0          0         68   rt_errno_addr_intlibspace.o
         8          4          0          0          0         68   rt_locale_intlibspace.o
        78          0          0          0          0         80   rt_memclr_w.o
         2          0          0          0          0          0   rtexit.o
        10          0          0          0          0          0   rtexit2.o
       128          0          0          0          0         68   strcmpv7m.o
        62          0          0          0          0         76   strlen.o
        12          4          0          0          0         68   sys_exit.o
        74          0          0          0          0         80   sys_stackheap_outer.o
         2          0          0          0          0         68   use_no_semi.o
        24          0          0          0          0        164   basic.o
        98          4          0          0          0        140   d2f.o
       826         16          0          0          0        492   daddsub_clz.o
        24          0          0          0          0        116   dcmpi.o
       688        140          0          0          0        256   ddiv.o
       120          4          0          0          0        140   deqf.o
       340         12          0          0          0        152   dmul.o
       156          4          0          0          0        140   dnaninf.o
        12          0          0          0          0        116   dretinf.o
       408         56          0          0          0        168   dsqrt_umaal.o
        86          4          0          0          0        132   f2d.o
       140          4          0          0          0        132   fnaninf.o
        10          0          0          0          0        116   fpinit.o
        10          0          0          0          0        116   fretinf.o
         4          0          0          0          0        116   printf1.o
         0          0          0          0          0          0   usenofp.o
       744        106        152          0          0        352   atan.o
       512         64          0          0          0        208   atan2.o
        72          8          0          0          0        372   dunder.o
        24          0          0          0          0        124   fabs.o
        48          0          0          0          0        124   fpclassify.o
       248          0          0          0          0        152   poly.o
         0          0          8          0          0          0   qnan.o
       122          0          0          0          0        148   sqrt.o

    ----------------------------------------------------------------------
      9614        620        358          0        100       6752   Library Totals
        20          0          5          0          4          0   (incl. Padding)

    ----------------------------------------------------------------------

      Code (inc. data)   RO Data    RW Data    ZI Data      Debug   Library Name

      4878        198        193          0         96       2776   c_w.l
      2946        244          0          0          0       2496   fz_wm.l
      1770        178        160          0          0       1480   m_wm.l

    ----------------------------------------------------------------------
      9614        620        358          0        100       6752   Library Totals

    ----------------------------------------------------------------------

==============================================================================


      Code (inc. data)   RO Data    RW Data    ZI Data      Debug   

     17094       1080        818         92       1820     479252   Grand Totals
     17094       1080        818         92       1820     479252   ELF Image Totals
     17094       1080        818         92          0          0   ROM Totals

==============================================================================

    Total RO  Size (Code + RO Data)                17912 (  17.49kB)
    Total RW  Size (RW Data + ZI Data)              1912 (   1.87kB)
    Total ROM Size (Code + RO Data + RW Data)      18004 (  17.58kB)

==============================================================================

